Archive member included to satisfy reference by file (symbol)

/usr/lib/gcc/arm-none-eabi/9.2.1/thumb/v6-m/nofp/libgcc.a(_dvmd_tls.o)
                              CMakeFiles/capstone.dir/home/anthony/capstone-project-team-23/project/embedded/pico/pico-sdk/src/rp2_common/pico_divider/divider.S.obj (__aeabi_idiv0)
/usr/lib/gcc/arm-none-eabi/9.2.1/../../../arm-none-eabi/lib/thumb/v6-m/nofp/libc.a(lib_a-atexit.o)
                              /usr/lib/gcc/arm-none-eabi/9.2.1/../../../arm-none-eabi/lib/thumb/v6-m/nofp/crt0.o (atexit)
/usr/lib/gcc/arm-none-eabi/9.2.1/../../../arm-none-eabi/lib/thumb/v6-m/nofp/libc.a(lib_a-atoi.o)
                              CMakeFiles/capstone.dir/home/anthony/capstone-project-team-23/project/embedded/pico/pico-sdk/lib/lwip/src/core/netif.c.obj (atoi)
/usr/lib/gcc/arm-none-eabi/9.2.1/../../../arm-none-eabi/lib/thumb/v6-m/nofp/libc.a(lib_a-calloc.o)
                              CMakeFiles/capstone.dir/home/anthony/capstone-project-team-23/project/embedded/pico/pico-sdk/src/rp2_common/pico_malloc/pico_malloc.c.obj (calloc)
/usr/lib/gcc/arm-none-eabi/9.2.1/../../../arm-none-eabi/lib/thumb/v6-m/nofp/libc.a(lib_a-callocr.o)
                              /usr/lib/gcc/arm-none-eabi/9.2.1/../../../arm-none-eabi/lib/thumb/v6-m/nofp/libc.a(lib_a-calloc.o) (_calloc_r)
/usr/lib/gcc/arm-none-eabi/9.2.1/../../../arm-none-eabi/lib/thumb/v6-m/nofp/libc.a(lib_a-ctype_.o)
                              CMakeFiles/capstone.dir/home/anthony/capstone-project-team-23/project/embedded/pico/pico-sdk/lib/lwip/src/core/dns.c.obj (_ctype_)
/usr/lib/gcc/arm-none-eabi/9.2.1/../../../arm-none-eabi/lib/thumb/v6-m/nofp/libc.a(lib_a-fini.o)
                              /usr/lib/gcc/arm-none-eabi/9.2.1/../../../arm-none-eabi/lib/thumb/v6-m/nofp/crt0.o (__libc_fini_array)
/usr/lib/gcc/arm-none-eabi/9.2.1/../../../arm-none-eabi/lib/thumb/v6-m/nofp/libc.a(lib_a-fprintf.o)
                              CMakeFiles/capstone.dir/http.c.obj (fprintf)
/usr/lib/gcc/arm-none-eabi/9.2.1/../../../arm-none-eabi/lib/thumb/v6-m/nofp/libc.a(lib_a-impure.o)
                              CMakeFiles/capstone.dir/http.c.obj (_impure_ptr)
/usr/lib/gcc/arm-none-eabi/9.2.1/../../../arm-none-eabi/lib/thumb/v6-m/nofp/libc.a(lib_a-init.o)
                              /usr/lib/gcc/arm-none-eabi/9.2.1/../../../arm-none-eabi/lib/thumb/v6-m/nofp/crt0.o (__libc_init_array)
/usr/lib/gcc/arm-none-eabi/9.2.1/../../../arm-none-eabi/lib/thumb/v6-m/nofp/libc.a(lib_a-malloc.o)
                              CMakeFiles/capstone.dir/home/anthony/capstone-project-team-23/project/embedded/pico/pico-sdk/src/rp2_common/pico_malloc/pico_malloc.c.obj (malloc)
/usr/lib/gcc/arm-none-eabi/9.2.1/../../../arm-none-eabi/lib/thumb/v6-m/nofp/libc.a(lib_a-mallocr.o)
                              /usr/lib/gcc/arm-none-eabi/9.2.1/../../../arm-none-eabi/lib/thumb/v6-m/nofp/libc.a(lib_a-callocr.o) (_malloc_r)
/usr/lib/gcc/arm-none-eabi/9.2.1/../../../arm-none-eabi/lib/thumb/v6-m/nofp/libc.a(lib_a-memcmp.o)
                              CMakeFiles/capstone.dir/home/anthony/capstone-project-team-23/project/embedded/pico/pico-sdk/lib/lwip/src/netif/ethernet.c.obj (memcmp)
/usr/lib/gcc/arm-none-eabi/9.2.1/../../../arm-none-eabi/lib/thumb/v6-m/nofp/libc.a(lib_a-memmove.o)
                              CMakeFiles/capstone.dir/home/anthony/capstone-project-team-23/project/embedded/pico/pico-sdk/lib/lwip/src/core/def.c.obj (memmove)
/usr/lib/gcc/arm-none-eabi/9.2.1/../../../arm-none-eabi/lib/thumb/v6-m/nofp/libc.a(lib_a-mlock.o)
                              /usr/lib/gcc/arm-none-eabi/9.2.1/../../../arm-none-eabi/lib/thumb/v6-m/nofp/libc.a(lib_a-mallocr.o) (__malloc_lock)
/usr/lib/gcc/arm-none-eabi/9.2.1/../../../arm-none-eabi/lib/thumb/v6-m/nofp/libc.a(lib_a-realloc.o)
                              CMakeFiles/capstone.dir/home/anthony/capstone-project-team-23/project/embedded/pico/pico-sdk/src/rp2_common/pico_malloc/pico_malloc.c.obj (realloc)
/usr/lib/gcc/arm-none-eabi/9.2.1/../../../arm-none-eabi/lib/thumb/v6-m/nofp/libc.a(lib_a-reallocr.o)
                              /usr/lib/gcc/arm-none-eabi/9.2.1/../../../arm-none-eabi/lib/thumb/v6-m/nofp/libc.a(lib_a-realloc.o) (_realloc_r)
/usr/lib/gcc/arm-none-eabi/9.2.1/../../../arm-none-eabi/lib/thumb/v6-m/nofp/libc.a(lib_a-sbrkr.o)
                              /usr/lib/gcc/arm-none-eabi/9.2.1/../../../arm-none-eabi/lib/thumb/v6-m/nofp/libc.a(lib_a-mallocr.o) (_sbrk_r)
/usr/lib/gcc/arm-none-eabi/9.2.1/../../../arm-none-eabi/lib/thumb/v6-m/nofp/libc.a(lib_a-strchr.o)
                              CMakeFiles/capstone.dir/home/anthony/capstone-project-team-23/project/embedded/pico/pico-sdk/lib/mbedtls/library/x509.c.obj (strchr)
/usr/lib/gcc/arm-none-eabi/9.2.1/../../../arm-none-eabi/lib/thumb/v6-m/nofp/libc.a(lib_a-strcmp.o)
                              CMakeFiles/capstone.dir/home/anthony/capstone-project-team-23/project/embedded/pico/pico-sdk/lib/mbedtls/library/cipher.c.obj (strcmp)
[...]
Memory Configuration

Name             Origin             Length             Attributes
FLASH            0x0000000010000000 0x0000000000200000 xr
RAM              0x0000000020000000 0x0000000000040000 xrw
SCRATCH_X        0x0000000020040000 0x0000000000001000 xrw
SCRATCH_Y        0x0000000020041000 0x0000000000001000 xrw
*default*        0x0000000000000000 0xffffffffffffffff

Linker script and memory map

LOAD /usr/lib/gcc/arm-none-eabi/9.2.1/thumb/v6-m/nofp/crti.o
LOAD /usr/lib/gcc/arm-none-eabi/9.2.1/thumb/v6-m/nofp/crtbegin.o
LOAD /usr/lib/gcc/arm-none-eabi/9.2.1/../../../arm-none-eabi/lib/thumb/v6-m/nofp/crt0.o

.flash_begin    0x0000000010000000        0x0
                0x0000000010000000                __flash_binary_start = .

.boot2          0x0000000010000000      0x100
                0x0000000010000000                __boot2_start__ = .
 *(.boot2)
 .boot2         0x0000000010000000      0x100 /tmp/ccTfuDhh.o
                0x0000000010000100                __boot2_end__ = .
                0x0000000000000001                ASSERT (((__boot2_end__ - __boot2_start__) == 0x100), ERROR: Pico second stage bootloader must be 256 bytes in size)

.text           0x0000000010000100    0x3a468
                0x0000000010000100                __logical_binary_start = .
 *(.vectors)
 .vectors       0x0000000010000100       0xd4 CMakeFiles/capstone.dir/home/anthony/capstone-project-team-23/project/embedded/pico/pico-sdk/src/rp2_common/pico_standard_link/crt0.S.obj
                0x0000000010000100                __vectors
                0x0000000010000100                __VECTOR_TABLE
                0x00000000100001c0                isr_invalid
                0x00000000100001c0                __default_isrs_start
                0x00000000100001c2                isr_nmi
                0x00000000100001c4                isr_hardfault
                0x00000000100001c6                isr_svcall
                0x00000000100001c8                isr_pendsv
                0x00000000100001ca                isr_systick
                0x00000000100001cc                isr_irq30
                0x00000000100001cc                __unhandled_user_irq
                0x00000000100001cc                isr_irq13
                0x00000000100001cc                isr_irq27
                0x00000000100001cc                isr_irq31
                0x00000000100001cc                isr_irq5
                0x00000000100001cc                isr_irq11
                0x00000000100001cc                isr_irq23
                0x00000000100001cc                isr_irq18
                0x00000000100001cc                isr_irq28
                0x00000000100001cc                isr_irq19
                0x00000000100001cc                isr_irq0
                0x00000000100001cc                isr_irq6
                0x00000000100001cc                isr_irq22
                0x00000000100001cc                isr_irq17
                0x00000000100001cc                isr_irq14
                0x00000000100001cc                isr_irq2
                0x00000000100001cc                isr_irq10
                0x00000000100001cc                isr_irq8
                0x00000000100001cc                isr_irq24
                0x00000000100001cc                isr_irq1
                0x00000000100001cc                isr_irq7
                0x00000000100001cc                isr_irq21
                0x00000000100001cc                isr_irq20
                0x00000000100001cc                isr_irq15
                0x00000000100001cc                isr_irq25
                0x00000000100001cc                isr_irq4
                0x00000000100001cc                isr_irq16
                0x00000000100001cc                isr_irq29
                0x00000000100001cc                isr_irq26
                0x00000000100001cc                __default_isrs_end
                0x00000000100001cc                isr_irq3
                0x00000000100001cc                isr_irq12
                0x00000000100001cc                isr_irq9
                0x00000000100001d2                unhandled_user_irq_num_in_r0
 *(.binary_info_header)
 .binary_info_header
                0x00000000100001d4       0x14 CMakeFiles/capstone.dir/home/anthony/capstone-project-team-23/project/embedded/pico/pico-sdk/src/rp2_common/pico_standard_link/crt0.S.obj
                0x00000000100001e8                __binary_info_header_end = .
 *(.reset)
 .reset         0x00000000100001e8       0xa0 CMakeFiles/capstone.dir/home/anthony/capstone-project-team-23/project/embedded/pico/pico-sdk/src/rp2_common/pico_standard_link/crt0.S.obj
                0x00000000100001e8                _entry_point
 .reset         0x0000000010000288       0x30 CMakeFiles/capstone.dir/home/anthony/capstone-project-team-23/project/embedded/pico/pico-sdk/src/rp2_common/pico_standard_link/binary_info.c.obj
 *(.init)
 .init          0x00000000100002b8        0x4 /usr/lib/gcc/arm-none-eabi/9.2.1/thumb/v6-m/nofp/crti.o
                0x00000000100002b8                _init
 *(EXCLUDE_FILE(*libm.a: *libc.a:*lib_a-mem*.o *libgcc.a:) .text*)
 .text          0x00000000100002bc       0x98 /usr/lib/gcc/arm-none-eabi/9.2.1/thumb/v6-m/nofp/crtbegin.o
 .text.startup.main
                0x0000000010000354       0x6c CMakeFiles/capstone.dir/main.c.obj
                0x0000000010000354                main
 .text.tls_client_err
                0x00000000100003c0       0x14 CMakeFiles/capstone.dir/http.c.obj
 .text.tls_client_poll
                0x00000000100003d4       0x64 CMakeFiles/capstone.dir/http.c.obj
 .text.tls_client_dns_found
                0x0000000010000438       0xbc CMakeFiles/capstone.dir/http.c.obj
 .text.tls_client_connected
                0x00000000100004f4       0xa4 CMakeFiles/capstone.dir/http.c.obj
 .text.tls_client_recv
                0x0000000010000598       0xc4 CMakeFiles/capstone.dir/http.c.obj
 .text.run_tls_client_test
                0x000000001000065c      0x1e8 CMakeFiles/capstone.dir/http.c.obj
                0x000000001000065c                run_tls_client_test
 .text.initialize_wifi
                0x0000000010000844       0x50 CMakeFiles/capstone.dir/http.c.obj
                0x0000000010000844                initialize_wifi
 .text.generateHTTPFormat
                0x0000000010000894       0x48 CMakeFiles/capstone.dir/http.c.obj
                0x0000000010000894                generateHTTPFormat
 .text.isr_handler
                0x00000000100008dc       0x28 CMakeFiles/capstone.dir/weight.c.obj
                0x00000000100008dc                isr_handler
 .text.init_enable
                0x0000000010000904       0x20 CMakeFiles/capstone.dir/weight.c.obj
                0x0000000010000904                init_enable
 .text.init_adc
                0x0000000010000924       0x38 CMakeFiles/capstone.dir/weight.c.obj
                0x0000000010000924                init_adc
 .text.init_led
                0x000000001000095c       0x34 CMakeFiles/capstone.dir/weight.c.obj
                0x000000001000095c                init_led
 .text.init_tare
                0x0000000010000990       0x2c CMakeFiles/capstone.dir/weight.c.obj
                0x0000000010000990                init_tare
 .text.idle_wait
                0x00000000100009bc       0xa8 CMakeFiles/capstone.dir/weight.c.obj
                0x00000000100009bc                idle_wait
 .text.window_scan
                0x0000000010000a64      0x234 CMakeFiles/capstone.dir/weight.c.obj
                0x0000000010000a64                window_scan
 .text.lwip_timeout_reached
                0x0000000010000c98        0x8 CMakeFiles/capstone.dir/home/anthony/capstone-project-team-23/project/embedded/pico/pico-sdk/src/rp2_common/pico_lwip/lwip_nosys.c.obj
 .text.update_next_timeout
                0x0000000010000ca0       0x6c CMakeFiles/capstone.dir/home/anthony/capstone-project-team-23/project/embedded/pico/pico-sdk/src/rp2_common/pico_lwip/lwip_nosys.c.obj
 .text.lwip_nosys_init
                0x0000000010000d0c       0x30 CMakeFiles/capstone.dir/home/anthony/capstone-project-team-23/project/embedded/pico/pico-sdk/src/rp2_common/pico_lwip/lwip_nosys.c.obj
                0x0000000010000d0c                lwip_nosys_init
 .text.lwip_nosys_deinit
                0x0000000010000d3c       0x20 CMakeFiles/capstone.dir/home/anthony/capstone-project-team-23/project/embedded/pico/pico-sdk/src/rp2_common/pico_lwip/lwip_nosys.c.obj
                0x0000000010000d3c                lwip_nosys_deinit
 .text.sys_arch_protect
                0x0000000010000d5c        0x4 CMakeFiles/capstone.dir/home/anthony/capstone-project-team-23/project/embedded/pico/pico-sdk/src/rp2_common/pico_lwip/lwip_nosys.c.obj
                0x0000000010000d5c                sys_arch_protect
 .text.sys_arch_unprotect
                0x0000000010000d60        0x4 CMakeFiles/capstone.dir/home/anthony/capstone-project-team-23/project/embedded/pico/pico-sdk/src/rp2_common/pico_lwip/lwip_nosys.c.obj
                0x0000000010000d60                sys_arch_unprotect
 .text.sys_now  0x0000000010000d64       0x20 CMakeFiles/capstone.dir/home/anthony/capstone-project-team-23/project/embedded/pico/pico-sdk/src/rp2_common/pico_lwip/lwip_nosys.c.obj
                0x0000000010000d64                sys_now
 .text.async_context_base_add_at_time_worker
                0x0000000010000d84       0x28 CMakeFiles/capstone.dir/home/anthony/capstone-project-team-23/project/embedded/pico/pico-sdk/src/rp2_common/pico_async_context/async_context_base.c.obj
                0x0000000010000d84                async_context_base_add_at_time_worker
 .text.async_context_base_remove_at_time_worker
                0x0000000010000dac       0x28 CMakeFiles/capstone.dir/home/anthony/capstone-project-team-23/project/embedded/pico/pico-sdk/src/rp2_common/pico_async_context/async_context_base.c.obj
                0x0000000010000dac                async_context_base_remove_at_time_worker
 .text.async_context_base_add_when_pending_worker
                0x0000000010000dd4       0x24 CMakeFiles/capstone.dir/home/anthony/capstone-project-team-23/project/embedded/pico/pico-sdk/src/rp2_common/pico_async_context/async_context_base.c.obj
                0x0000000010000dd4                async_context_base_add_when_pending_worker
 .text.async_context_base_remove_when_pending_worker
                0x0000000010000df8       0x28 CMakeFiles/capstone.dir/home/anthony/capstone-project-team-23/project/embedded/pico/pico-sdk/src/rp2_common/pico_async_context/async_context_base.c.obj
                0x0000000010000df8                async_context_base_remove_when_pending_worker
 .text.async_context_base_execute_once
                0x0000000010000e20       0xe4 CMakeFiles/capstone.dir/home/anthony/capstone-project-team-23/project/embedded/pico/pico-sdk/src/rp2_common/pico_async_context/async_context_base.c.obj
                0x0000000010000e20                async_context_base_execute_once
 .text.running_on_fpga
                0x0000000010000f04       0x10 CMakeFiles/capstone.dir/home/anthony/capstone-project-team-23/project/embedded/pico/pico-sdk/src/rp2_common/pico_platform/platform.c.obj
                0x0000000010000f04                running_on_fpga
 .text.splitmix64
                0x0000000010000f14       0x58 CMakeFiles/capstone.dir/home/anthony/capstone-project-team-23/project/embedded/pico/pico-sdk/src/rp2_common/pico_rand/rand.c.obj
 .text.xoroshiro128ss.isra.0
                0x0000000010000f6c       0xa4 CMakeFiles/capstone.dir/home/anthony/capstone-project-team-23/project/embedded/pico/pico-sdk/src/rp2_common/pico_rand/rand.c.obj
 .text.get_rand_64
                0x0000000010001010      0x470 CMakeFiles/capstone.dir/home/anthony/capstone-project-team-23/project/embedded/pico/pico-sdk/src/rp2_common/pico_rand/rand.c.obj
                0x0000000010001010                get_rand_64
 .text.get_rand_32
                0x0000000010001480        0x8 CMakeFiles/capstone.dir/home/anthony/capstone-project-team-23/project/embedded/pico/pico-sdk/src/rp2_common/pico_rand/rand.c.obj
                0x0000000010001480                get_rand_32
 .text.startup._retrieve_unique_id_on_boot
                0x0000000010001488       0x10 CMakeFiles/capstone.dir/home/anthony/capstone-project-team-23/project/embedded/pico/pico-sdk/src/rp2_common/pico_unique_id/unique_id.c.obj
 .text.pico_get_unique_board_id
                0x0000000010001498       0x10 CMakeFiles/capstone.dir/home/anthony/capstone-project-team-23/project/embedded/pico/pico-sdk/src/rp2_common/pico_unique_id/unique_id.c.obj
                0x0000000010001498                pico_get_unique_board_id
 .text.pico_get_unique_board_id_string
                0x00000000100014a8      0x1bc CMakeFiles/capstone.dir/home/anthony/capstone-project-team-23/project/embedded/pico/pico-sdk/src/rp2_common/pico_unique_id/unique_id.c.obj
                0x00000000100014a8                pico_get_unique_board_id_string
 .text.flash_get_unique_id
                0x0000000010001664       0x40 CMakeFiles/capstone.dir/home/anthony/capstone-project-team-23/project/embedded/pico/pico-sdk/src/rp2_common/hardware_flash/flash.c.obj
                0x0000000010001664                flash_get_unique_id
 .text.hw_claim_lock
                0x00000000100016a4       0x18 CMakeFiles/capstone.dir/home/anthony/capstone-project-team-23/project/embedded/pico/pico-sdk/src/rp2_common/hardware_claim/claim.c.obj
                0x00000000100016a4                hw_claim_lock
 .text.hw_claim_unlock
                0x00000000100016bc       0x14 CMakeFiles/capstone.dir/home/anthony/capstone-project-team-23/project/embedded/pico/pico-sdk/src/rp2_common/hardware_claim/claim.c.obj
                0x00000000100016bc                hw_claim_unlock
 .text.hw_claim_or_assert
                0x00000000100016d0       0x48 CMakeFiles/capstone.dir/home/anthony/capstone-project-team-23/project/embedded/pico/pico-sdk/src/rp2_common/hardware_claim/claim.c.obj
                0x00000000100016d0                hw_claim_or_assert
 .text.hw_claim_unused_from_range
                0x0000000010001718       0x9c CMakeFiles/capstone.dir/home/anthony/capstone-project-team-23/project/embedded/pico/pico-sdk/src/rp2_common/hardware_claim/claim.c.obj
                0x0000000010001718                hw_claim_unused_from_range
 .text.hw_claim_clear
                0x00000000100017b4       0x38 CMakeFiles/capstone.dir/home/anthony/capstone-project-team-23/project/embedded/pico/pico-sdk/src/rp2_common/hardware_claim/claim.c.obj
                0x00000000100017b4                hw_claim_clear
 .text.spin_locks_reset
                0x00000000100017ec       0x1c CMakeFiles/capstone.dir/home/anthony/capstone-project-team-23/project/embedded/pico/pico-sdk/src/rp2_common/hardware_sync/sync.c.obj
                0x00000000100017ec                spin_locks_reset
 .text.next_striped_spin_lock_num
                0x0000000010001808       0x18 CMakeFiles/capstone.dir/home/anthony/capstone-project-team-23/project/embedded/pico/pico-sdk/src/rp2_common/hardware_sync/sync.c.obj
                0x0000000010001808                next_striped_spin_lock_num
 .text.spin_lock_claim_unused
                0x0000000010001820       0x20 CMakeFiles/capstone.dir/home/anthony/capstone-project-team-23/project/embedded/pico/pico-sdk/src/rp2_common/hardware_sync/sync.c.obj
                0x0000000010001820                spin_lock_claim_unused
 .text.rom_func_lookup
                0x0000000010001840       0x10 CMakeFiles/capstone.dir/home/anthony/capstone-project-team-23/project/embedded/pico/pico-sdk/src/rp2_common/pico_bootrom/bootrom.c.obj
                0x0000000010001840                rom_func_lookup
 .text.rom_data_lookup
                0x0000000010001850       0x10 CMakeFiles/capstone.dir/home/anthony/capstone-project-team-23/project/embedded/pico/pico-sdk/src/rp2_common/pico_bootrom/bootrom.c.obj
                0x0000000010001850                rom_data_lookup
 .text.rom_funcs_lookup
                0x0000000010001860       0x3c CMakeFiles/capstone.dir/home/anthony/capstone-project-team-23/project/embedded/pico/pico-sdk/src/rp2_common/pico_bootrom/bootrom.c.obj
                0x0000000010001860                rom_funcs_lookup
 .text.clocks_init
                0x000000001000189c      0x2bc CMakeFiles/capstone.dir/home/anthony/capstone-project-team-23/project/embedded/pico/pico-sdk/src/rp2_common/hardware_clocks/clocks.c.obj
                0x000000001000189c                clocks_init
 .text.clock_get_hz
                0x0000000010001b58        0xc CMakeFiles/capstone.dir/home/anthony/capstone-project-team-23/project/embedded/pico/pico-sdk/src/rp2_common/hardware_clocks/clocks.c.obj
                0x0000000010001b58                clock_get_hz
 .text.gpio_default_irq_handler
                0x0000000010001b64      0x248 CMakeFiles/capstone.dir/home/anthony/capstone-project-team-23/project/embedded/pico/pico-sdk/src/rp2_common/hardware_gpio/gpio.c.obj
 .text.gpio_set_function
                0x0000000010001dac       0x30 CMakeFiles/capstone.dir/home/anthony/capstone-project-team-23/project/embedded/pico/pico-sdk/src/rp2_common/hardware_gpio/gpio.c.obj
                0x0000000010001dac                gpio_set_function
 .text.gpio_set_pulls
                0x0000000010001ddc       0x30 CMakeFiles/capstone.dir/home/anthony/capstone-project-team-23/project/embedded/pico/pico-sdk/src/rp2_common/hardware_gpio/gpio.c.obj
                0x0000000010001ddc                gpio_set_pulls
 .text.gpio_set_input_hysteresis_enabled
                0x0000000010001e0c       0x28 CMakeFiles/capstone.dir/home/anthony/capstone-project-team-23/project/embedded/pico/pico-sdk/src/rp2_common/hardware_gpio/gpio.c.obj
                0x0000000010001e0c                gpio_set_input_hysteresis_enabled
 .text.gpio_set_drive_strength
                0x0000000010001e34       0x20 CMakeFiles/capstone.dir/home/anthony/capstone-project-team-23/project/embedded/pico/pico-sdk/src/rp2_common/hardware_gpio/gpio.c.obj
                0x0000000010001e34                gpio_set_drive_strength
 .text.gpio_set_irq_enabled
                0x0000000010001e54       0x54 CMakeFiles/capstone.dir/home/anthony/capstone-project-team-23/project/embedded/pico/pico-sdk/src/rp2_common/hardware_gpio/gpio.c.obj
                0x0000000010001e54                gpio_set_irq_enabled
 .text.gpio_set_irq_enabled_with_callback
                0x0000000010001ea8       0xb0 CMakeFiles/capstone.dir/home/anthony/capstone-project-team-23/project/embedded/pico/pico-sdk/src/rp2_common/hardware_gpio/gpio.c.obj
                0x0000000010001ea8                gpio_set_irq_enabled_with_callback
 .text.gpio_add_raw_irq_handler_with_order_priority_masked
                0x0000000010001f58       0x44 CMakeFiles/capstone.dir/home/anthony/capstone-project-team-23/project/embedded/pico/pico-sdk/src/rp2_common/hardware_gpio/gpio.c.obj
                0x0000000010001f58                gpio_add_raw_irq_handler_with_order_priority_masked
 .text.gpio_remove_raw_irq_handler_masked
                0x0000000010001f9c       0x20 CMakeFiles/capstone.dir/home/anthony/capstone-project-team-23/project/embedded/pico/pico-sdk/src/rp2_common/hardware_gpio/gpio.c.obj
                0x0000000010001f9c                gpio_remove_raw_irq_handler_masked
 .text.gpio_set_input_enabled
                0x0000000010001fbc       0x28 CMakeFiles/capstone.dir/home/anthony/capstone-project-team-23/project/embedded/pico/pico-sdk/src/rp2_common/hardware_gpio/gpio.c.obj
                0x0000000010001fbc                gpio_set_input_enabled
 .text.gpio_init
                0x0000000010001fe4       0x3c CMakeFiles/capstone.dir/home/anthony/capstone-project-team-23/project/embedded/pico/pico-sdk/src/rp2_common/hardware_gpio/gpio.c.obj
                0x0000000010001fe4                gpio_init
 .text.irq_set_enabled
                0x0000000010002020       0x24 CMakeFiles/capstone.dir/home/anthony/capstone-project-team-23/project/embedded/pico/pico-sdk/src/rp2_common/hardware_irq/irq.c.obj
                0x0000000010002020                irq_set_enabled
 .text.irq_set_pending
                0x0000000010002044       0x10 CMakeFiles/capstone.dir/home/anthony/capstone-project-team-23/project/embedded/pico/pico-sdk/src/rp2_common/hardware_irq/irq.c.obj
                0x0000000010002044                irq_set_pending
 .text.irq_has_shared_handler
                0x0000000010002054       0x2c CMakeFiles/capstone.dir/home/anthony/capstone-project-team-23/project/embedded/pico/pico-sdk/src/rp2_common/hardware_irq/irq.c.obj
                0x0000000010002054                irq_has_shared_handler
 .text.irq_get_vtable_handler
                0x0000000010002080       0x10 CMakeFiles/capstone.dir/home/anthony/capstone-project-team-23/project/embedded/pico/pico-sdk/src/rp2_common/hardware_irq/irq.c.obj
                0x0000000010002080                irq_get_vtable_handler
 .text.irq_set_exclusive_handler
                0x0000000010002090       0x54 CMakeFiles/capstone.dir/home/anthony/capstone-project-team-23/project/embedded/pico/pico-sdk/src/rp2_common/hardware_irq/irq.c.obj
                0x0000000010002090                irq_set_exclusive_handler
 .text.irq_add_shared_handler
                0x00000000100020e4      0x1c0 CMakeFiles/capstone.dir/home/anthony/capstone-project-team-23/project/embedded/pico/pico-sdk/src/rp2_common/hardware_irq/irq.c.obj
                0x00000000100020e4                irq_add_shared_handler
 .text.irq_remove_handler
                0x00000000100022a4      0x1b4 CMakeFiles/capstone.dir/home/anthony/capstone-project-team-23/project/embedded/pico/pico-sdk/src/rp2_common/hardware_irq/irq.c.obj
                0x00000000100022a4                irq_remove_handler
 .text.irq_add_tail_to_free_list
                0x0000000010002458       0xb4 CMakeFiles/capstone.dir/home/anthony/capstone-project-team-23/project/embedded/pico/pico-sdk/src/rp2_common/hardware_irq/irq.c.obj
                0x0000000010002458                irq_add_tail_to_free_list
 .text.irq_init_priorities
                0x000000001000250c       0x24 CMakeFiles/capstone.dir/home/anthony/capstone-project-team-23/project/embedded/pico/pico-sdk/src/rp2_common/hardware_irq/irq.c.obj
                0x000000001000250c                irq_init_priorities
 .text.user_irq_claim_unused
                0x0000000010002530       0x28 CMakeFiles/capstone.dir/home/anthony/capstone-project-team-23/project/embedded/pico/pico-sdk/src/rp2_common/hardware_irq/irq.c.obj
                0x0000000010002530                user_irq_claim_unused
 .text.sem_init
                0x0000000010002558       0x20 CMakeFiles/capstone.dir/home/anthony/capstone-project-team-23/project/embedded/pico/pico-sdk/src/common/pico_sync/sem.c.obj
                0x0000000010002558                sem_init
 .text.lock_init
                0x0000000010002578       0x10 CMakeFiles/capstone.dir/home/anthony/capstone-project-team-23/project/embedded/pico/pico-sdk/src/common/pico_sync/lock_core.c.obj
                0x0000000010002578                lock_init
 .text.mutex_init
                0x0000000010002588       0x1c CMakeFiles/capstone.dir/home/anthony/capstone-project-team-23/project/embedded/pico/pico-sdk/src/common/pico_sync/mutex.c.obj
                0x0000000010002588                mutex_init
 .text.recursive_mutex_init
                0x00000000100025a4       0x1c CMakeFiles/capstone.dir/home/anthony/capstone-project-team-23/project/embedded/pico/pico-sdk/src/common/pico_sync/mutex.c.obj
                0x00000000100025a4                recursive_mutex_init
 .text.critical_section_init
                0x00000000100025c0       0x1c CMakeFiles/capstone.dir/home/anthony/capstone-project-team-23/project/embedded/pico/pico-sdk/src/common/pico_sync/critical_section.c.obj
                0x00000000100025c0                critical_section_init
 .text.critical_section_init_with_lock_num
                0x00000000100025dc       0x14 CMakeFiles/capstone.dir/home/anthony/capstone-project-team-23/project/embedded/pico/pico-sdk/src/common/pico_sync/critical_section.c.obj
                0x00000000100025dc                critical_section_init_with_lock_num
 .text.timer_pool_entry_comparator
                0x00000000100025f0       0x34 CMakeFiles/capstone.dir/home/anthony/capstone-project-team-23/project/embedded/pico/pico-sdk/src/common/pico_time/time.c.obj
                0x00000000100025f0                timer_pool_entry_comparator
 .text.sleep_until_callback
                0x0000000010002624       0x30 CMakeFiles/capstone.dir/home/anthony/capstone-project-team-23/project/embedded/pico/pico-sdk/src/common/pico_time/time.c.obj
 .text.add_alarm_under_lock
                0x0000000010002654      0x108 CMakeFiles/capstone.dir/home/anthony/capstone-project-team-23/project/embedded/pico/pico-sdk/src/common/pico_time/time.c.obj
 .text.alarm_pool_alarm_callback
                0x000000001000275c      0x1b8 CMakeFiles/capstone.dir/home/anthony/capstone-project-team-23/project/embedded/pico/pico-sdk/src/common/pico_time/time.c.obj
 .text.alarm_pool_init_default
                0x0000000010002914       0x6c CMakeFiles/capstone.dir/home/anthony/capstone-project-team-23/project/embedded/pico/pico-sdk/src/common/pico_time/time.c.obj
                0x0000000010002914                alarm_pool_init_default
 .text.alarm_pool_get_default
                0x0000000010002980        0x8 CMakeFiles/capstone.dir/home/anthony/capstone-project-team-23/project/embedded/pico/pico-sdk/src/common/pico_time/time.c.obj
                0x0000000010002980                alarm_pool_get_default
 .text.alarm_pool_add_alarm_at
                0x0000000010002988      0x190 CMakeFiles/capstone.dir/home/anthony/capstone-project-team-23/project/embedded/pico/pico-sdk/src/common/pico_time/time.c.obj
                0x0000000010002988                alarm_pool_add_alarm_at
 .text.alarm_pool_cancel_alarm
                0x0000000010002b18       0x70 CMakeFiles/capstone.dir/home/anthony/capstone-project-team-23/project/embedded/pico/pico-sdk/src/common/pico_time/time.c.obj
                0x0000000010002b18                alarm_pool_cancel_alarm
 .text.alarm_pool_core_num
                0x0000000010002b88        0x4 CMakeFiles/capstone.dir/home/anthony/capstone-project-team-23/project/embedded/pico/pico-sdk/src/common/pico_time/time.c.obj
                0x0000000010002b88                alarm_pool_core_num
 .text.sleep_until
                0x0000000010002b8c       0xc4 CMakeFiles/capstone.dir/home/anthony/capstone-project-team-23/project/embedded/pico/pico-sdk/src/common/pico_time/time.c.obj
                0x0000000010002b8c                sleep_until
 .text.sleep_ms
                0x0000000010002c50       0x34 CMakeFiles/capstone.dir/home/anthony/capstone-project-team-23/project/embedded/pico/pico-sdk/src/common/pico_time/time.c.obj
                0x0000000010002c50                sleep_ms
 .text.best_effort_wfe_or_timeout
                0x0000000010002c84       0x60 CMakeFiles/capstone.dir/home/anthony/capstone-project-team-23/project/embedded/pico/pico-sdk/src/common/pico_time/time.c.obj
                0x0000000010002c84                best_effort_wfe_or_timeout
 .text.hardware_alarm_irq_handler
                0x0000000010002ce4       0xbc CMakeFiles/capstone.dir/home/anthony/capstone-project-team-23/project/embedded/pico/pico-sdk/src/rp2_common/hardware_timer/timer.c.obj
 .text.hardware_alarm_claim
                0x0000000010002da0       0x18 CMakeFiles/capstone.dir/home/anthony/capstone-project-team-23/project/embedded/pico/pico-sdk/src/rp2_common/hardware_timer/timer.c.obj
                0x0000000010002da0                hardware_alarm_claim
 .text.time_us_64
                0x0000000010002db8       0x14 CMakeFiles/capstone.dir/home/anthony/capstone-project-team-23/project/embedded/pico/pico-sdk/src/rp2_common/hardware_timer/timer.c.obj
                0x0000000010002db8                time_us_64
 .text.busy_wait_us
                0x0000000010002dcc       0x54 CMakeFiles/capstone.dir/home/anthony/capstone-project-team-23/project/embedded/pico/pico-sdk/src/rp2_common/hardware_timer/timer.c.obj
                0x0000000010002dcc                busy_wait_us
 .text.busy_wait_until
                0x0000000010002e20       0x20 CMakeFiles/capstone.dir/home/anthony/capstone-project-team-23/project/embedded/pico/pico-sdk/src/rp2_common/hardware_timer/timer.c.obj
                0x0000000010002e20                busy_wait_until
 .text.hardware_alarm_set_callback
                0x0000000010002e40       0x8c CMakeFiles/capstone.dir/home/anthony/capstone-project-team-23/project/embedded/pico/pico-sdk/src/rp2_common/hardware_timer/timer.c.obj
                0x0000000010002e40                hardware_alarm_set_callback
 .text.hardware_alarm_set_target
                0x0000000010002ecc       0xe4 CMakeFiles/capstone.dir/home/anthony/capstone-project-team-23/project/embedded/pico/pico-sdk/src/rp2_common/hardware_timer/timer.c.obj
                0x0000000010002ecc                hardware_alarm_set_target
 .text.hardware_alarm_cancel
                0x0000000010002fb0       0x40 CMakeFiles/capstone.dir/home/anthony/capstone-project-team-23/project/embedded/pico/pico-sdk/src/rp2_common/hardware_timer/timer.c.obj
                0x0000000010002fb0                hardware_alarm_cancel
 .text.ph_merge_nodes
                0x0000000010002ff0       0x68 CMakeFiles/capstone.dir/home/anthony/capstone-project-team-23/project/embedded/pico/pico-sdk/src/common/pico_util/pheap.c.obj
 .text.ph_post_alloc_init
                0x0000000010003058       0x3c CMakeFiles/capstone.dir/home/anthony/capstone-project-team-23/project/embedded/pico/pico-sdk/src/common/pico_util/pheap.c.obj
                0x0000000010003058                ph_post_alloc_init
 .text.ph_merge_two_pass
                0x0000000010003094       0x90 CMakeFiles/capstone.dir/home/anthony/capstone-project-team-23/project/embedded/pico/pico-sdk/src/common/pico_util/pheap.c.obj
                0x0000000010003094                ph_merge_two_pass
 .text.ph_remove_any_head
                0x0000000010003124      0x100 CMakeFiles/capstone.dir/home/anthony/capstone-project-team-23/project/embedded/pico/pico-sdk/src/common/pico_util/pheap.c.obj
 .text.ph_remove_head
                0x0000000010003224      0x144 CMakeFiles/capstone.dir/home/anthony/capstone-project-team-23/project/embedded/pico/pico-sdk/src/common/pico_util/pheap.c.obj
                0x0000000010003224                ph_remove_head
 .text.ph_remove_and_free_node
                0x0000000010003368       0x7c CMakeFiles/capstone.dir/home/anthony/capstone-project-team-23/project/embedded/pico/pico-sdk/src/common/pico_util/pheap.c.obj
                0x0000000010003368                ph_remove_and_free_node
 .text.pll_init
                0x00000000100033e4       0xa8 CMakeFiles/capstone.dir/home/anthony/capstone-project-team-23/project/embedded/pico/pico-sdk/src/rp2_common/hardware_pll/pll.c.obj
                0x00000000100033e4                pll_init
 .text.watchdog_start_tick
                0x000000001000348c       0x10 CMakeFiles/capstone.dir/home/anthony/capstone-project-team-23/project/embedded/pico/pico-sdk/src/rp2_common/hardware_watchdog/watchdog.c.obj
                0x000000001000348c                watchdog_start_tick
 .text.watchdog_reboot
                0x000000001000349c       0x98 CMakeFiles/capstone.dir/home/anthony/capstone-project-team-23/project/embedded/pico/pico-sdk/src/rp2_common/hardware_watchdog/watchdog.c.obj
                0x000000001000349c                watchdog_reboot
 .text.xosc_init
                0x0000000010003534       0x28 CMakeFiles/capstone.dir/home/anthony/capstone-project-team-23/project/embedded/pico/pico-sdk/src/rp2_common/hardware_xosc/xosc.c.obj
                0x0000000010003534                xosc_init
 .text.lwip_init
                0x000000001000355c       0x24 CMakeFiles/capstone.dir/home/anthony/capstone-project-team-23/project/embedded/pico/pico-sdk/lib/lwip/src/core/init.c.obj
                0x000000001000355c                lwip_init
 .text.lwip_htons
                0x0000000010003580        0x8 CMakeFiles/capstone.dir/home/anthony/capstone-project-team-23/project/embedded/pico/pico-sdk/lib/lwip/src/core/def.c.obj
                0x0000000010003580                lwip_htons
 .text.lwip_htonl
                0x0000000010003588        0x4 CMakeFiles/capstone.dir/home/anthony/capstone-project-team-23/project/embedded/pico/pico-sdk/lib/lwip/src/core/def.c.obj
                0x0000000010003588                lwip_htonl
 .text.lwip_strnicmp
                0x000000001000358c       0x3c CMakeFiles/capstone.dir/home/anthony/capstone-project-team-23/project/embedded/pico/pico-sdk/lib/lwip/src/core/def.c.obj
                0x000000001000358c                lwip_strnicmp
 .text.dns_call_found
                0x00000000100035c8      0x134 CMakeFiles/capstone.dir/home/anthony/capstone-project-team-23/project/embedded/pico/pico-sdk/lib/lwip/src/core/dns.c.obj
 .text.dns_send
                0x00000000100036fc      0x178 CMakeFiles/capstone.dir/home/anthony/capstone-project-team-23/project/embedded/pico/pico-sdk/lib/lwip/src/core/dns.c.obj
 .text.dns_check_entry
                0x0000000010003874      0x12c CMakeFiles/capstone.dir/home/anthony/capstone-project-team-23/project/embedded/pico/pico-sdk/lib/lwip/src/core/dns.c.obj
 .text.dns_recv
                0x00000000100039a0      0x374 CMakeFiles/capstone.dir/home/anthony/capstone-project-team-23/project/embedded/pico/pico-sdk/lib/lwip/src/core/dns.c.obj
 .text.dns_init
                0x0000000010003d14        0x4 CMakeFiles/capstone.dir/home/anthony/capstone-project-team-23/project/embedded/pico/pico-sdk/lib/lwip/src/core/dns.c.obj
                0x0000000010003d14                dns_init
 .text.dns_setserver
                0x0000000010003d18       0x2c CMakeFiles/capstone.dir/home/anthony/capstone-project-team-23/project/embedded/pico/pico-sdk/lib/lwip/src/core/dns.c.obj
                0x0000000010003d18                dns_setserver
 .text.dns_tmr  0x0000000010003d44      0x138 CMakeFiles/capstone.dir/home/anthony/capstone-project-team-23/project/embedded/pico/pico-sdk/lib/lwip/src/core/dns.c.obj
                0x0000000010003d44                dns_tmr
 .text.dns_gethostbyname_addrtype
                0x0000000010003e7c      0x5f4 CMakeFiles/capstone.dir/home/anthony/capstone-project-team-23/project/embedded/pico/pico-sdk/lib/lwip/src/core/dns.c.obj
                0x0000000010003e7c                dns_gethostbyname_addrtype
 .text.dns_gethostbyname
                0x0000000010004470       0x10 CMakeFiles/capstone.dir/home/anthony/capstone-project-team-23/project/embedded/pico/pico-sdk/lib/lwip/src/core/dns.c.obj
                0x0000000010004470                dns_gethostbyname
 .text.lwip_standard_chksum
                0x0000000010004480       0xd8 CMakeFiles/capstone.dir/home/anthony/capstone-project-team-23/project/embedded/pico/pico-sdk/lib/lwip/src/core/inet_chksum.c.obj
                0x0000000010004480                lwip_standard_chksum
 .text.inet_chksum_pseudo
                0x0000000010004558       0xbc CMakeFiles/capstone.dir/home/anthony/capstone-project-team-23/project/embedded/pico/pico-sdk/lib/lwip/src/core/inet_chksum.c.obj
                0x0000000010004558                inet_chksum_pseudo
 .text.ip_chksum_pseudo
                0x0000000010004614       0x10 CMakeFiles/capstone.dir/home/anthony/capstone-project-team-23/project/embedded/pico/pico-sdk/lib/lwip/src/core/inet_chksum.c.obj
                0x0000000010004614                ip_chksum_pseudo
 .text.inet_chksum
                0x0000000010004624        0xc CMakeFiles/capstone.dir/home/anthony/capstone-project-team-23/project/embedded/pico/pico-sdk/lib/lwip/src/core/inet_chksum.c.obj
                0x0000000010004624                inet_chksum
 .text.inet_chksum_pbuf
                0x0000000010004630       0x6c CMakeFiles/capstone.dir/home/anthony/capstone-project-team-23/project/embedded/pico/pico-sdk/lib/lwip/src/core/inet_chksum.c.obj
                0x0000000010004630                inet_chksum_pbuf
 .text.mem_init
                0x000000001000469c        0x4 CMakeFiles/capstone.dir/home/anthony/capstone-project-team-23/project/embedded/pico/pico-sdk/lib/lwip/src/core/mem.c.obj
                0x000000001000469c                mem_init
 .text.mem_trim
                0x00000000100046a0        0x4 CMakeFiles/capstone.dir/home/anthony/capstone-project-team-23/project/embedded/pico/pico-sdk/lib/lwip/src/core/mem.c.obj
                0x00000000100046a0                mem_trim
 .text.mem_malloc
                0x00000000100046a4       0x2c CMakeFiles/capstone.dir/home/anthony/capstone-project-team-23/project/embedded/pico/pico-sdk/lib/lwip/src/core/mem.c.obj
                0x00000000100046a4                mem_malloc
 .text.mem_free
                0x00000000100046d0       0x2c CMakeFiles/capstone.dir/home/anthony/capstone-project-team-23/project/embedded/pico/pico-sdk/lib/lwip/src/core/mem.c.obj
                0x00000000100046d0                mem_free
 .text.mem_calloc
                0x00000000100046fc        0x8 CMakeFiles/capstone.dir/home/anthony/capstone-project-team-23/project/embedded/pico/pico-sdk/lib/lwip/src/core/mem.c.obj
                0x00000000100046fc                mem_calloc
 .text.memp_init
                0x0000000010004704       0x6c CMakeFiles/capstone.dir/home/anthony/capstone-project-team-23/project/embedded/pico/pico-sdk/lib/lwip/src/core/memp.c.obj
                0x0000000010004704                memp_init
 .text.memp_malloc
                0x0000000010004770       0x44 CMakeFiles/capstone.dir/home/anthony/capstone-project-team-23/project/embedded/pico/pico-sdk/lib/lwip/src/core/memp.c.obj
                0x0000000010004770                memp_malloc
 .text.memp_free
                0x00000000100047b4       0x44 CMakeFiles/capstone.dir/home/anthony/capstone-project-team-23/project/embedded/pico/pico-sdk/lib/lwip/src/core/memp.c.obj
                0x00000000100047b4                memp_free
 .text.netif_null_output_ip4
                0x00000000100047f8        0x8 CMakeFiles/capstone.dir/home/anthony/capstone-project-team-23/project/embedded/pico/pico-sdk/lib/lwip/src/core/netif.c.obj
 .text.netif_do_set_ipaddr
                0x0000000010004800       0x74 CMakeFiles/capstone.dir/home/anthony/capstone-project-team-23/project/embedded/pico/pico-sdk/lib/lwip/src/core/netif.c.obj
 .text.netif_init
                0x0000000010004874        0x4 CMakeFiles/capstone.dir/home/anthony/capstone-project-team-23/project/embedded/pico/pico-sdk/lib/lwip/src/core/netif.c.obj
                0x0000000010004874                netif_init
 .text.netif_add
                0x0000000010004878      0x174 CMakeFiles/capstone.dir/home/anthony/capstone-project-team-23/project/embedded/pico/pico-sdk/lib/lwip/src/core/netif.c.obj
                0x0000000010004878                netif_add
 .text.netif_set_addr
                0x00000000100049ec       0xb8 CMakeFiles/capstone.dir/home/anthony/capstone-project-team-23/project/embedded/pico/pico-sdk/lib/lwip/src/core/netif.c.obj
                0x00000000100049ec                netif_set_addr
 .text.netif_remove
                0x0000000010004aa4       0x94 CMakeFiles/capstone.dir/home/anthony/capstone-project-team-23/project/embedded/pico/pico-sdk/lib/lwip/src/core/netif.c.obj
                0x0000000010004aa4                netif_remove
 .text.netif_set_default
                0x0000000010004b38        0xc CMakeFiles/capstone.dir/home/anthony/capstone-project-team-23/project/embedded/pico/pico-sdk/lib/lwip/src/core/netif.c.obj
                0x0000000010004b38                netif_set_default
 .text.netif_set_up
                0x0000000010004b44       0x4c CMakeFiles/capstone.dir/home/anthony/capstone-project-team-23/project/embedded/pico/pico-sdk/lib/lwip/src/core/netif.c.obj
                0x0000000010004b44                netif_set_up
 .text.netif_set_link_up
                0x0000000010004b90       0x50 CMakeFiles/capstone.dir/home/anthony/capstone-project-team-23/project/embedded/pico/pico-sdk/lib/lwip/src/core/netif.c.obj
                0x0000000010004b90                netif_set_link_up
 .text.netif_set_link_down
                0x0000000010004be0       0x2c CMakeFiles/capstone.dir/home/anthony/capstone-project-team-23/project/embedded/pico/pico-sdk/lib/lwip/src/core/netif.c.obj
                0x0000000010004be0                netif_set_link_down
 .text.netif_get_by_index
                0x0000000010004c0c       0x2c CMakeFiles/capstone.dir/home/anthony/capstone-project-team-23/project/embedded/pico/pico-sdk/lib/lwip/src/core/netif.c.obj
                0x0000000010004c0c                netif_get_by_index
 .text.pbuf_free.part.0
                0x0000000010004c38       0x7c CMakeFiles/capstone.dir/home/anthony/capstone-project-team-23/project/embedded/pico/pico-sdk/lib/lwip/src/core/pbuf.c.obj
 .text.pbuf_free_ooseq
                0x0000000010004cb4       0x34 CMakeFiles/capstone.dir/home/anthony/capstone-project-team-23/project/embedded/pico/pico-sdk/lib/lwip/src/core/pbuf.c.obj
                0x0000000010004cb4                pbuf_free_ooseq
 .text.pbuf_alloc
                0x0000000010004ce8      0x128 CMakeFiles/capstone.dir/home/anthony/capstone-project-team-23/project/embedded/pico/pico-sdk/lib/lwip/src/core/pbuf.c.obj
                0x0000000010004ce8                pbuf_alloc
 .text.pbuf_realloc
                0x0000000010004e10       0x88 CMakeFiles/capstone.dir/home/anthony/capstone-project-team-23/project/embedded/pico/pico-sdk/lib/lwip/src/core/pbuf.c.obj
                0x0000000010004e10                pbuf_realloc
 .text.pbuf_add_header
                0x0000000010004e98       0x54 CMakeFiles/capstone.dir/home/anthony/capstone-project-team-23/project/embedded/pico/pico-sdk/lib/lwip/src/core/pbuf.c.obj
                0x0000000010004e98                pbuf_add_header
 .text.pbuf_remove_header
                0x0000000010004eec       0x50 CMakeFiles/capstone.dir/home/anthony/capstone-project-team-23/project/embedded/pico/pico-sdk/lib/lwip/src/core/pbuf.c.obj
                0x0000000010004eec                pbuf_remove_header
 .text.pbuf_header_force
                0x0000000010004f3c       0x84 CMakeFiles/capstone.dir/home/anthony/capstone-project-team-23/project/embedded/pico/pico-sdk/lib/lwip/src/core/pbuf.c.obj
                0x0000000010004f3c                pbuf_header_force
 .text.pbuf_free
                0x0000000010004fc0       0x18 CMakeFiles/capstone.dir/home/anthony/capstone-project-team-23/project/embedded/pico/pico-sdk/lib/lwip/src/core/pbuf.c.obj
                0x0000000010004fc0                pbuf_free
 .text.pbuf_clen
                0x0000000010004fd8       0x14 CMakeFiles/capstone.dir/home/anthony/capstone-project-team-23/project/embedded/pico/pico-sdk/lib/lwip/src/core/pbuf.c.obj
                0x0000000010004fd8                pbuf_clen
 .text.pbuf_ref
                0x0000000010004fec       0x28 CMakeFiles/capstone.dir/home/anthony/capstone-project-team-23/project/embedded/pico/pico-sdk/lib/lwip/src/core/pbuf.c.obj
                0x0000000010004fec                pbuf_ref
 .text.pbuf_cat
                0x0000000010005014       0x48 CMakeFiles/capstone.dir/home/anthony/capstone-project-team-23/project/embedded/pico/pico-sdk/lib/lwip/src/core/pbuf.c.obj
                0x0000000010005014                pbuf_cat
 .text.pbuf_chain
                0x000000001000505c       0x74 CMakeFiles/capstone.dir/home/anthony/capstone-project-team-23/project/embedded/pico/pico-sdk/lib/lwip/src/core/pbuf.c.obj
                0x000000001000505c                pbuf_chain
 .text.pbuf_copy_partial_pbuf
                0x00000000100050d0      0x198 CMakeFiles/capstone.dir/home/anthony/capstone-project-team-23/project/embedded/pico/pico-sdk/lib/lwip/src/core/pbuf.c.obj
                0x00000000100050d0                pbuf_copy_partial_pbuf
 .text.pbuf_copy
                0x0000000010005268       0x20 CMakeFiles/capstone.dir/home/anthony/capstone-project-team-23/project/embedded/pico/pico-sdk/lib/lwip/src/core/pbuf.c.obj
                0x0000000010005268                pbuf_copy
 .text.pbuf_copy_partial
                0x0000000010005288       0x98 CMakeFiles/capstone.dir/home/anthony/capstone-project-team-23/project/embedded/pico/pico-sdk/lib/lwip/src/core/pbuf.c.obj
                0x0000000010005288                pbuf_copy_partial
 .text.pbuf_take
                0x0000000010005320       0x9c CMakeFiles/capstone.dir/home/anthony/capstone-project-team-23/project/embedded/pico/pico-sdk/lib/lwip/src/core/pbuf.c.obj
                0x0000000010005320                pbuf_take
 .text.pbuf_take_at
                0x00000000100053bc       0xdc CMakeFiles/capstone.dir/home/anthony/capstone-project-team-23/project/embedded/pico/pico-sdk/lib/lwip/src/core/pbuf.c.obj
                0x00000000100053bc                pbuf_take_at
 .text.pbuf_clone
                0x0000000010005498       0x30 CMakeFiles/capstone.dir/home/anthony/capstone-project-team-23/project/embedded/pico/pico-sdk/lib/lwip/src/core/pbuf.c.obj
                0x0000000010005498                pbuf_clone
 .text.pbuf_try_get_at
                0x00000000100054c8       0x28 CMakeFiles/capstone.dir/home/anthony/capstone-project-team-23/project/embedded/pico/pico-sdk/lib/lwip/src/core/pbuf.c.obj
                0x00000000100054c8                pbuf_try_get_at
 .text.pbuf_put_at
                0x00000000100054f0       0x1c CMakeFiles/capstone.dir/home/anthony/capstone-project-team-23/project/embedded/pico/pico-sdk/lib/lwip/src/core/pbuf.c.obj
                0x00000000100054f0                pbuf_put_at
 .text.raw_input
                0x000000001000550c      0x15c CMakeFiles/capstone.dir/home/anthony/capstone-project-team-23/project/embedded/pico/pico-sdk/lib/lwip/src/core/raw.c.obj
                0x000000001000550c                raw_input
 .text.raw_netif_ip_addr_changed
                0x0000000010005668       0x40 CMakeFiles/capstone.dir/home/anthony/capstone-project-team-23/project/embedded/pico/pico-sdk/lib/lwip/src/core/raw.c.obj
                0x0000000010005668                raw_netif_ip_addr_changed
 .text.stats_init
                0x00000000100056a8        0x4 CMakeFiles/capstone.dir/home/anthony/capstone-project-team-23/project/embedded/pico/pico-sdk/lib/lwip/src/core/stats.c.obj
                0x00000000100056a8                stats_init
 .text.altcp_alloc
                0x00000000100056ac       0x18 CMakeFiles/capstone.dir/home/anthony/capstone-project-team-23/project/embedded/pico/pico-sdk/lib/lwip/src/core/altcp.c.obj
                0x00000000100056ac                altcp_alloc
 .text.altcp_free
                0x00000000100056c4       0x20 CMakeFiles/capstone.dir/home/anthony/capstone-project-team-23/project/embedded/pico/pico-sdk/lib/lwip/src/core/altcp.c.obj
                0x00000000100056c4                altcp_free
 .text.altcp_arg
                0x00000000100056e4        0x8 CMakeFiles/capstone.dir/home/anthony/capstone-project-team-23/project/embedded/pico/pico-sdk/lib/lwip/src/core/altcp.c.obj
                0x00000000100056e4                altcp_arg
 .text.altcp_accept
                0x00000000100056ec        0x8 CMakeFiles/capstone.dir/home/anthony/capstone-project-team-23/project/embedded/pico/pico-sdk/lib/lwip/src/core/altcp.c.obj
                0x00000000100056ec                altcp_accept
 .text.altcp_recv
                0x00000000100056f4        0x8 CMakeFiles/capstone.dir/home/anthony/capstone-project-team-23/project/embedded/pico/pico-sdk/lib/lwip/src/core/altcp.c.obj
                0x00000000100056f4                altcp_recv
 .text.altcp_sent
                0x00000000100056fc        0x8 CMakeFiles/capstone.dir/home/anthony/capstone-project-team-23/project/embedded/pico/pico-sdk/lib/lwip/src/core/altcp.c.obj
                0x00000000100056fc                altcp_sent
 .text.altcp_poll
                0x0000000010005704       0x20 CMakeFiles/capstone.dir/home/anthony/capstone-project-team-23/project/embedded/pico/pico-sdk/lib/lwip/src/core/altcp.c.obj
                0x0000000010005704                altcp_poll
 .text.altcp_err
                0x0000000010005724        0x8 CMakeFiles/capstone.dir/home/anthony/capstone-project-team-23/project/embedded/pico/pico-sdk/lib/lwip/src/core/altcp.c.obj
                0x0000000010005724                altcp_err
 .text.altcp_recved
                0x000000001000572c       0x18 CMakeFiles/capstone.dir/home/anthony/capstone-project-team-23/project/embedded/pico/pico-sdk/lib/lwip/src/core/altcp.c.obj
                0x000000001000572c                altcp_recved
 .text.altcp_connect
                0x0000000010005744       0x1c CMakeFiles/capstone.dir/home/anthony/capstone-project-team-23/project/embedded/pico/pico-sdk/lib/lwip/src/core/altcp.c.obj
                0x0000000010005744                altcp_connect
 .text.altcp_listen_with_backlog_and_err
                0x0000000010005760       0x20 CMakeFiles/capstone.dir/home/anthony/capstone-project-team-23/project/embedded/pico/pico-sdk/lib/lwip/src/core/altcp.c.obj
                0x0000000010005760                altcp_listen_with_backlog_and_err
 .text.altcp_abort
                0x0000000010005780       0x18 CMakeFiles/capstone.dir/home/anthony/capstone-project-team-23/project/embedded/pico/pico-sdk/lib/lwip/src/core/altcp.c.obj
                0x0000000010005780                altcp_abort
 .text.altcp_close
                0x0000000010005798       0x1c CMakeFiles/capstone.dir/home/anthony/capstone-project-team-23/project/embedded/pico/pico-sdk/lib/lwip/src/core/altcp.c.obj
                0x0000000010005798                altcp_close
 .text.altcp_write
                0x00000000100057b4       0x1c CMakeFiles/capstone.dir/home/anthony/capstone-project-team-23/project/embedded/pico/pico-sdk/lib/lwip/src/core/altcp.c.obj
                0x00000000100057b4                altcp_write
 .text.altcp_output
                0x00000000100057d0       0x1c CMakeFiles/capstone.dir/home/anthony/capstone-project-team-23/project/embedded/pico/pico-sdk/lib/lwip/src/core/altcp.c.obj
                0x00000000100057d0                altcp_output
 .text.altcp_mss
                0x00000000100057ec       0x20 CMakeFiles/capstone.dir/home/anthony/capstone-project-team-23/project/embedded/pico/pico-sdk/lib/lwip/src/core/altcp.c.obj
                0x00000000100057ec                altcp_mss
 .text.altcp_sndbuf
                0x000000001000580c       0x20 CMakeFiles/capstone.dir/home/anthony/capstone-project-team-23/project/embedded/pico/pico-sdk/lib/lwip/src/core/altcp.c.obj
                0x000000001000580c                altcp_sndbuf
 .text.altcp_default_bind
                0x000000001000582c       0x24 CMakeFiles/capstone.dir/home/anthony/capstone-project-team-23/project/embedded/pico/pico-sdk/lib/lwip/src/core/altcp.c.obj
                0x000000001000582c                altcp_default_bind
 .text.altcp_default_shutdown
                0x0000000010005850       0x3c CMakeFiles/capstone.dir/home/anthony/capstone-project-team-23/project/embedded/pico/pico-sdk/lib/lwip/src/core/altcp.c.obj
                0x0000000010005850                altcp_default_shutdown
 .text.altcp_default_output
                0x000000001000588c       0x24 CMakeFiles/capstone.dir/home/anthony/capstone-project-team-23/project/embedded/pico/pico-sdk/lib/lwip/src/core/altcp.c.obj
                0x000000001000588c                altcp_default_output
 .text.altcp_default_sndbuf
                0x00000000100058b0       0x24 CMakeFiles/capstone.dir/home/anthony/capstone-project-team-23/project/embedded/pico/pico-sdk/lib/lwip/src/core/altcp.c.obj
                0x00000000100058b0                altcp_default_sndbuf
 .text.altcp_default_sndqueuelen
                0x00000000100058d4       0x24 CMakeFiles/capstone.dir/home/anthony/capstone-project-team-23/project/embedded/pico/pico-sdk/lib/lwip/src/core/altcp.c.obj
                0x00000000100058d4                altcp_default_sndqueuelen
 .text.altcp_default_nagle_disable
                0x00000000100058f8       0x1c CMakeFiles/capstone.dir/home/anthony/capstone-project-team-23/project/embedded/pico/pico-sdk/lib/lwip/src/core/altcp.c.obj
                0x00000000100058f8                altcp_default_nagle_disable
 .text.altcp_default_nagle_enable
                0x0000000010005914       0x1c CMakeFiles/capstone.dir/home/anthony/capstone-project-team-23/project/embedded/pico/pico-sdk/lib/lwip/src/core/altcp.c.obj
                0x0000000010005914                altcp_default_nagle_enable
 .text.altcp_default_nagle_disabled
                0x0000000010005930       0x24 CMakeFiles/capstone.dir/home/anthony/capstone-project-team-23/project/embedded/pico/pico-sdk/lib/lwip/src/core/altcp.c.obj
                0x0000000010005930                altcp_default_nagle_disabled
 .text.altcp_default_setprio
                0x0000000010005954       0x1c CMakeFiles/capstone.dir/home/anthony/capstone-project-team-23/project/embedded/pico/pico-sdk/lib/lwip/src/core/altcp.c.obj
                0x0000000010005954                altcp_default_setprio
 .text.altcp_default_get_tcp_addrinfo
                0x0000000010005970       0x24 CMakeFiles/capstone.dir/home/anthony/capstone-project-team-23/project/embedded/pico/pico-sdk/lib/lwip/src/core/altcp.c.obj
                0x0000000010005970                altcp_default_get_tcp_addrinfo
 .text.altcp_default_get_ip
                0x0000000010005994       0x20 CMakeFiles/capstone.dir/home/anthony/capstone-project-team-23/project/embedded/pico/pico-sdk/lib/lwip/src/core/altcp.c.obj
                0x0000000010005994                altcp_default_get_ip
 .text.altcp_default_get_port
                0x00000000100059b4       0x24 CMakeFiles/capstone.dir/home/anthony/capstone-project-team-23/project/embedded/pico/pico-sdk/lib/lwip/src/core/altcp.c.obj
                0x00000000100059b4                altcp_default_get_port
 .text.altcp_default_keepalive_disable
                0x00000000100059d8       0x1c CMakeFiles/capstone.dir/home/anthony/capstone-project-team-23/project/embedded/pico/pico-sdk/lib/lwip/src/core/altcp.c.obj
                0x00000000100059d8                altcp_default_keepalive_disable
 .text.altcp_default_keepalive_enable
                0x00000000100059f4       0x1c CMakeFiles/capstone.dir/home/anthony/capstone-project-team-23/project/embedded/pico/pico-sdk/lib/lwip/src/core/altcp.c.obj
                0x00000000100059f4                altcp_default_keepalive_enable
 .text.altcp_default_dbg_get_tcp_state
                0x0000000010005a10       0x24 CMakeFiles/capstone.dir/home/anthony/capstone-project-team-23/project/embedded/pico/pico-sdk/lib/lwip/src/core/altcp.c.obj
                0x0000000010005a10                altcp_default_dbg_get_tcp_state
 .text.altcp_tls_new
                0x0000000010005a34       0x2c CMakeFiles/capstone.dir/home/anthony/capstone-project-team-23/project/embedded/pico/pico-sdk/lib/lwip/src/core/altcp_alloc.c.obj
                0x0000000010005a34                altcp_tls_new
 .text.altcp_tcp_err
                0x0000000010005a60       0x1c CMakeFiles/capstone.dir/home/anthony/capstone-project-team-23/project/embedded/pico/pico-sdk/lib/lwip/src/core/altcp_tcp.c.obj
 .text.altcp_tcp_dbg_get_tcp_state
                0x0000000010005a7c       0x28 CMakeFiles/capstone.dir/home/anthony/capstone-project-team-23/project/embedded/pico/pico-sdk/lib/lwip/src/core/altcp_tcp.c.obj
 .text.altcp_tcp_keepalive_enable
                0x0000000010005aa4       0x4c CMakeFiles/capstone.dir/home/anthony/capstone-project-team-23/project/embedded/pico/pico-sdk/lib/lwip/src/core/altcp_tcp.c.obj
 .text.altcp_tcp_keepalive_disable
                0x0000000010005af0       0x28 CMakeFiles/capstone.dir/home/anthony/capstone-project-team-23/project/embedded/pico/pico-sdk/lib/lwip/src/core/altcp_tcp.c.obj
 .text.altcp_tcp_get_port
                0x0000000010005b18       0x2c CMakeFiles/capstone.dir/home/anthony/capstone-project-team-23/project/embedded/pico/pico-sdk/lib/lwip/src/core/altcp_tcp.c.obj
 .text.altcp_tcp_get_ip
                0x0000000010005b44       0x2c CMakeFiles/capstone.dir/home/anthony/capstone-project-team-23/project/embedded/pico/pico-sdk/lib/lwip/src/core/altcp_tcp.c.obj
 .text.altcp_tcp_dealloc
                0x0000000010005b70       0x14 CMakeFiles/capstone.dir/home/anthony/capstone-project-team-23/project/embedded/pico/pico-sdk/lib/lwip/src/core/altcp_tcp.c.obj
 .text.altcp_tcp_nagle_disabled
                0x0000000010005b84       0x28 CMakeFiles/capstone.dir/home/anthony/capstone-project-team-23/project/embedded/pico/pico-sdk/lib/lwip/src/core/altcp_tcp.c.obj
 .text.altcp_tcp_nagle_enable
                0x0000000010005bac       0x28 CMakeFiles/capstone.dir/home/anthony/capstone-project-team-23/project/embedded/pico/pico-sdk/lib/lwip/src/core/altcp_tcp.c.obj
 .text.altcp_tcp_nagle_disable
                0x0000000010005bd4       0x28 CMakeFiles/capstone.dir/home/anthony/capstone-project-team-23/project/embedded/pico/pico-sdk/lib/lwip/src/core/altcp_tcp.c.obj
 .text.altcp_tcp_sndqueuelen
                0x0000000010005bfc       0x24 CMakeFiles/capstone.dir/home/anthony/capstone-project-team-23/project/embedded/pico/pico-sdk/lib/lwip/src/core/altcp_tcp.c.obj
 .text.altcp_tcp_sndbuf
                0x0000000010005c20       0x24 CMakeFiles/capstone.dir/home/anthony/capstone-project-team-23/project/embedded/pico/pico-sdk/lib/lwip/src/core/altcp_tcp.c.obj
 .text.altcp_tcp_mss
                0x0000000010005c44       0x20 CMakeFiles/capstone.dir/home/anthony/capstone-project-team-23/project/embedded/pico/pico-sdk/lib/lwip/src/core/altcp_tcp.c.obj
 .text.altcp_tcp_get_tcp_addrinfo
                0x0000000010005c64       0x24 CMakeFiles/capstone.dir/home/anthony/capstone-project-team-23/project/embedded/pico/pico-sdk/lib/lwip/src/core/altcp_tcp.c.obj
 .text.altcp_tcp_setprio
                0x0000000010005c88       0x20 CMakeFiles/capstone.dir/home/anthony/capstone-project-team-23/project/embedded/pico/pico-sdk/lib/lwip/src/core/altcp_tcp.c.obj
 .text.altcp_tcp_output
                0x0000000010005ca8       0x24 CMakeFiles/capstone.dir/home/anthony/capstone-project-team-23/project/embedded/pico/pico-sdk/lib/lwip/src/core/altcp_tcp.c.obj
 .text.altcp_tcp_write
                0x0000000010005ccc       0x24 CMakeFiles/capstone.dir/home/anthony/capstone-project-team-23/project/embedded/pico/pico-sdk/lib/lwip/src/core/altcp_tcp.c.obj
 .text.altcp_tcp_shutdown
                0x0000000010005cf0       0x24 CMakeFiles/capstone.dir/home/anthony/capstone-project-team-23/project/embedded/pico/pico-sdk/lib/lwip/src/core/altcp_tcp.c.obj
 .text.altcp_tcp_set_poll
                0x0000000010005d14       0x28 CMakeFiles/capstone.dir/home/anthony/capstone-project-team-23/project/embedded/pico/pico-sdk/lib/lwip/src/core/altcp_tcp.c.obj
 .text.altcp_tcp_abort
                0x0000000010005d3c       0x24 CMakeFiles/capstone.dir/home/anthony/capstone-project-team-23/project/embedded/pico/pico-sdk/lib/lwip/src/core/altcp_tcp.c.obj
 .text.altcp_tcp_listen
                0x0000000010005d60       0x34 CMakeFiles/capstone.dir/home/anthony/capstone-project-team-23/project/embedded/pico/pico-sdk/lib/lwip/src/core/altcp_tcp.c.obj
 .text.altcp_tcp_connect
                0x0000000010005d94       0x2c CMakeFiles/capstone.dir/home/anthony/capstone-project-team-23/project/embedded/pico/pico-sdk/lib/lwip/src/core/altcp_tcp.c.obj
 .text.altcp_tcp_bind
                0x0000000010005dc0       0x24 CMakeFiles/capstone.dir/home/anthony/capstone-project-team-23/project/embedded/pico/pico-sdk/lib/lwip/src/core/altcp_tcp.c.obj
 .text.altcp_tcp_recved
                0x0000000010005de4       0x20 CMakeFiles/capstone.dir/home/anthony/capstone-project-team-23/project/embedded/pico/pico-sdk/lib/lwip/src/core/altcp_tcp.c.obj
 .text.altcp_tcp_close
                0x0000000010005e04       0xb8 CMakeFiles/capstone.dir/home/anthony/capstone-project-team-23/project/embedded/pico/pico-sdk/lib/lwip/src/core/altcp_tcp.c.obj
 .text.altcp_tcp_sent
                0x0000000010005ebc       0x3c CMakeFiles/capstone.dir/home/anthony/capstone-project-team-23/project/embedded/pico/pico-sdk/lib/lwip/src/core/altcp_tcp.c.obj
 .text.altcp_tcp_connected
                0x0000000010005ef8       0x3c CMakeFiles/capstone.dir/home/anthony/capstone-project-team-23/project/embedded/pico/pico-sdk/lib/lwip/src/core/altcp_tcp.c.obj
 .text.altcp_tcp_poll
                0x0000000010005f34       0x3c CMakeFiles/capstone.dir/home/anthony/capstone-project-team-23/project/embedded/pico/pico-sdk/lib/lwip/src/core/altcp_tcp.c.obj
 .text.altcp_tcp_recv
                0x0000000010005f70       0x48 CMakeFiles/capstone.dir/home/anthony/capstone-project-team-23/project/embedded/pico/pico-sdk/lib/lwip/src/core/altcp_tcp.c.obj
 .text.altcp_tcp_accept
                0x0000000010005fb8       0x70 CMakeFiles/capstone.dir/home/anthony/capstone-project-team-23/project/embedded/pico/pico-sdk/lib/lwip/src/core/altcp_tcp.c.obj
 .text.altcp_tcp_new_ip_type
                0x0000000010006028       0x60 CMakeFiles/capstone.dir/home/anthony/capstone-project-team-23/project/embedded/pico/pico-sdk/lib/lwip/src/core/altcp_tcp.c.obj
                0x0000000010006028                altcp_tcp_new_ip_type
 .text.tcp_close_shutdown_fin
                0x0000000010006088       0x58 CMakeFiles/capstone.dir/home/anthony/capstone-project-team-23/project/embedded/pico/pico-sdk/lib/lwip/src/core/tcp.c.obj
 .text.tcp_pcb_purge.part.0
                0x00000000100060e0       0xc4 CMakeFiles/capstone.dir/home/anthony/capstone-project-team-23/project/embedded/pico/pico-sdk/lib/lwip/src/core/tcp.c.obj
 .text.tcp_init
                0x00000000100061a4       0x20 CMakeFiles/capstone.dir/home/anthony/capstone-project-team-23/project/embedded/pico/pico-sdk/lib/lwip/src/core/tcp.c.obj
                0x00000000100061a4                tcp_init
 .text.tcp_free
                0x00000000100061c4       0x1c CMakeFiles/capstone.dir/home/anthony/capstone-project-team-23/project/embedded/pico/pico-sdk/lib/lwip/src/core/tcp.c.obj
                0x00000000100061c4                tcp_free
 .text.tcp_bind
                0x00000000100061e0      0x10c CMakeFiles/capstone.dir/home/anthony/capstone-project-team-23/project/embedded/pico/pico-sdk/lib/lwip/src/core/tcp.c.obj
                0x00000000100061e0                tcp_bind
 .text.tcp_listen_with_backlog_and_err
                0x00000000100062ec       0xd0 CMakeFiles/capstone.dir/home/anthony/capstone-project-team-23/project/embedded/pico/pico-sdk/lib/lwip/src/core/tcp.c.obj
                0x00000000100062ec                tcp_listen_with_backlog_and_err
 .text.tcp_update_rcv_ann_wnd
                0x00000000100063bc       0x5c CMakeFiles/capstone.dir/home/anthony/capstone-project-team-23/project/embedded/pico/pico-sdk/lib/lwip/src/core/tcp.c.obj
                0x00000000100063bc                tcp_update_rcv_ann_wnd
 .text.tcp_recved
                0x0000000010006418       0x9c CMakeFiles/capstone.dir/home/anthony/capstone-project-team-23/project/embedded/pico/pico-sdk/lib/lwip/src/core/tcp.c.obj
                0x0000000010006418                tcp_recved
 .text.tcp_connect
                0x00000000100064b4      0x1c8 CMakeFiles/capstone.dir/home/anthony/capstone-project-team-23/project/embedded/pico/pico-sdk/lib/lwip/src/core/tcp.c.obj
                0x00000000100064b4                tcp_connect
 .text.tcp_slowtmr
                0x000000001000667c      0x4dc CMakeFiles/capstone.dir/home/anthony/capstone-project-team-23/project/embedded/pico/pico-sdk/lib/lwip/src/core/tcp.c.obj
                0x000000001000667c                tcp_slowtmr
 .text.tcp_segs_free
                0x0000000010006b58       0x38 CMakeFiles/capstone.dir/home/anthony/capstone-project-team-23/project/embedded/pico/pico-sdk/lib/lwip/src/core/tcp.c.obj
                0x0000000010006b58                tcp_segs_free
 .text.tcp_seg_free
                0x0000000010006b90       0x1c CMakeFiles/capstone.dir/home/anthony/capstone-project-team-23/project/embedded/pico/pico-sdk/lib/lwip/src/core/tcp.c.obj
                0x0000000010006b90                tcp_seg_free
 .text.tcp_setprio
                0x0000000010006bac       0x18 CMakeFiles/capstone.dir/home/anthony/capstone-project-team-23/project/embedded/pico/pico-sdk/lib/lwip/src/core/tcp.c.obj
                0x0000000010006bac                tcp_setprio
 .text.tcp_seg_copy
                0x0000000010006bc4       0x2c CMakeFiles/capstone.dir/home/anthony/capstone-project-team-23/project/embedded/pico/pico-sdk/lib/lwip/src/core/tcp.c.obj
                0x0000000010006bc4                tcp_seg_copy
 .text.tcp_arg  0x0000000010006bf0        0x8 CMakeFiles/capstone.dir/home/anthony/capstone-project-team-23/project/embedded/pico/pico-sdk/lib/lwip/src/core/tcp.c.obj
                0x0000000010006bf0                tcp_arg
 .text.tcp_recv
                0x0000000010006bf8       0x1c CMakeFiles/capstone.dir/home/anthony/capstone-project-team-23/project/embedded/pico/pico-sdk/lib/lwip/src/core/tcp.c.obj
                0x0000000010006bf8                tcp_recv
 .text.tcp_sent
                0x0000000010006c14       0x1c CMakeFiles/capstone.dir/home/anthony/capstone-project-team-23/project/embedded/pico/pico-sdk/lib/lwip/src/core/tcp.c.obj
                0x0000000010006c14                tcp_sent
 .text.tcp_err  0x0000000010006c30       0x1c CMakeFiles/capstone.dir/home/anthony/capstone-project-team-23/project/embedded/pico/pico-sdk/lib/lwip/src/core/tcp.c.obj
                0x0000000010006c30                tcp_err
 .text.tcp_accept
                0x0000000010006c4c       0x10 CMakeFiles/capstone.dir/home/anthony/capstone-project-team-23/project/embedded/pico/pico-sdk/lib/lwip/src/core/tcp.c.obj
                0x0000000010006c4c                tcp_accept
 .text.tcp_poll
                0x0000000010006c5c       0x2c CMakeFiles/capstone.dir/home/anthony/capstone-project-team-23/project/embedded/pico/pico-sdk/lib/lwip/src/core/tcp.c.obj
                0x0000000010006c5c                tcp_poll
 .text.tcp_pcb_purge
                0x0000000010006c88       0x24 CMakeFiles/capstone.dir/home/anthony/capstone-project-team-23/project/embedded/pico/pico-sdk/lib/lwip/src/core/tcp.c.obj
                0x0000000010006c88                tcp_pcb_purge
 .text.tcp_pcb_remove
                0x0000000010006cac       0xc8 CMakeFiles/capstone.dir/home/anthony/capstone-project-team-23/project/embedded/pico/pico-sdk/lib/lwip/src/core/tcp.c.obj
                0x0000000010006cac                tcp_pcb_remove
 .text.tcp_abandon
                0x0000000010006d74      0x1b8 CMakeFiles/capstone.dir/home/anthony/capstone-project-team-23/project/embedded/pico/pico-sdk/lib/lwip/src/core/tcp.c.obj
                0x0000000010006d74                tcp_abandon
 .text.tcp_abort
                0x0000000010006f2c        0xc CMakeFiles/capstone.dir/home/anthony/capstone-project-team-23/project/embedded/pico/pico-sdk/lib/lwip/src/core/tcp.c.obj
                0x0000000010006f2c                tcp_abort
 .text.tcp_accept_null
                0x0000000010006f38       0x20 CMakeFiles/capstone.dir/home/anthony/capstone-project-team-23/project/embedded/pico/pico-sdk/lib/lwip/src/core/tcp.c.obj
 .text.tcp_alloc
                0x0000000010006f58      0x1cc CMakeFiles/capstone.dir/home/anthony/capstone-project-team-23/project/embedded/pico/pico-sdk/lib/lwip/src/core/tcp.c.obj
                0x0000000010006f58                tcp_alloc
 .text.tcp_new_ip_type
                0x0000000010007124      0x1ac CMakeFiles/capstone.dir/home/anthony/capstone-project-team-23/project/embedded/pico/pico-sdk/lib/lwip/src/core/tcp.c.obj
                0x0000000010007124                tcp_new_ip_type
 .text.tcp_close_shutdown
                0x00000000100072d0      0x188 CMakeFiles/capstone.dir/home/anthony/capstone-project-team-23/project/embedded/pico/pico-sdk/lib/lwip/src/core/tcp.c.obj
 .text.tcp_shutdown
                0x0000000010007458       0x68 CMakeFiles/capstone.dir/home/anthony/capstone-project-team-23/project/embedded/pico/pico-sdk/lib/lwip/src/core/tcp.c.obj
                0x0000000010007458                tcp_shutdown
 .text.tcp_recv_null
                0x00000000100074c0       0xd4 CMakeFiles/capstone.dir/home/anthony/capstone-project-team-23/project/embedded/pico/pico-sdk/lib/lwip/src/core/tcp.c.obj
                0x00000000100074c0                tcp_recv_null
 .text.tcp_process_refused_data
                0x0000000010007594       0x80 CMakeFiles/capstone.dir/home/anthony/capstone-project-team-23/project/embedded/pico/pico-sdk/lib/lwip/src/core/tcp.c.obj
                0x0000000010007594                tcp_process_refused_data
 .text.tcp_fasttmr
                0x0000000010007614       0x98 CMakeFiles/capstone.dir/home/anthony/capstone-project-team-23/project/embedded/pico/pico-sdk/lib/lwip/src/core/tcp.c.obj
                0x0000000010007614                tcp_fasttmr
 .text.tcp_tmr  0x00000000100076ac       0x20 CMakeFiles/capstone.dir/home/anthony/capstone-project-team-23/project/embedded/pico/pico-sdk/lib/lwip/src/core/tcp.c.obj
                0x00000000100076ac                tcp_tmr
 .text.tcp_close
                0x00000000100076cc      0x17c CMakeFiles/capstone.dir/home/anthony/capstone-project-team-23/project/embedded/pico/pico-sdk/lib/lwip/src/core/tcp.c.obj
                0x00000000100076cc                tcp_close
 .text.tcp_next_iss
                0x0000000010007848       0x28 CMakeFiles/capstone.dir/home/anthony/capstone-project-team-23/project/embedded/pico/pico-sdk/lib/lwip/src/core/tcp.c.obj
                0x0000000010007848                tcp_next_iss
 .text.tcp_eff_send_mss_netif
                0x0000000010007870       0x38 CMakeFiles/capstone.dir/home/anthony/capstone-project-team-23/project/embedded/pico/pico-sdk/lib/lwip/src/core/tcp.c.obj
                0x0000000010007870                tcp_eff_send_mss_netif
 .text.tcp_netif_ip_addr_changed
                0x00000000100078a8       0x9c CMakeFiles/capstone.dir/home/anthony/capstone-project-team-23/project/embedded/pico/pico-sdk/lib/lwip/src/core/tcp.c.obj
                0x00000000100078a8                tcp_netif_ip_addr_changed
 .text.tcp_tcp_get_tcp_addrinfo
                0x0000000010007944       0x38 CMakeFiles/capstone.dir/home/anthony/capstone-project-team-23/project/embedded/pico/pico-sdk/lib/lwip/src/core/tcp.c.obj
                0x0000000010007944                tcp_tcp_get_tcp_addrinfo
 .text.tcp_free_ooseq
                0x000000001000797c       0x40 CMakeFiles/capstone.dir/home/anthony/capstone-project-team-23/project/embedded/pico/pico-sdk/lib/lwip/src/core/tcp.c.obj
                0x000000001000797c                tcp_free_ooseq
 .text.tcp_parseopt
                0x00000000100079bc      0x190 CMakeFiles/capstone.dir/home/anthony/capstone-project-team-23/project/embedded/pico/pico-sdk/lib/lwip/src/core/tcp_in.c.obj
 .text.tcp_oos_insert_segment
                0x0000000010007b4c       0xd8 CMakeFiles/capstone.dir/home/anthony/capstone-project-team-23/project/embedded/pico/pico-sdk/lib/lwip/src/core/tcp_in.c.obj
 .text.tcp_free_acked_segments.isra.0
                0x0000000010007c24       0xd8 CMakeFiles/capstone.dir/home/anthony/capstone-project-team-23/project/embedded/pico/pico-sdk/lib/lwip/src/core/tcp_in.c.obj
 .text.tcp_receive
                0x0000000010007cfc      0xa5c CMakeFiles/capstone.dir/home/anthony/capstone-project-team-23/project/embedded/pico/pico-sdk/lib/lwip/src/core/tcp_in.c.obj
 .text.tcp_input
                0x0000000010008758      0xda0 CMakeFiles/capstone.dir/home/anthony/capstone-project-team-23/project/embedded/pico/pico-sdk/lib/lwip/src/core/tcp_in.c.obj
                0x0000000010008758                tcp_input
 .text.tcp_trigger_input_pcb_close
                0x00000000100094f8       0x10 CMakeFiles/capstone.dir/home/anthony/capstone-project-team-23/project/embedded/pico/pico-sdk/lib/lwip/src/core/tcp_in.c.obj
                0x00000000100094f8                tcp_trigger_input_pcb_close
 .text.tcp_create_segment
                0x0000000010009508       0xf8 CMakeFiles/capstone.dir/home/anthony/capstone-project-team-23/project/embedded/pico/pico-sdk/lib/lwip/src/core/tcp_out.c.obj
 .text.tcp_output_control_segment
                0x0000000010009600       0xc0 CMakeFiles/capstone.dir/home/anthony/capstone-project-team-23/project/embedded/pico/pico-sdk/lib/lwip/src/core/tcp_out.c.obj
 .text.tcp_output_alloc_header.constprop.0
                0x00000000100096c0       0xcc CMakeFiles/capstone.dir/home/anthony/capstone-project-team-23/project/embedded/pico/pico-sdk/lib/lwip/src/core/tcp_out.c.obj
 .text.tcp_write
                0x000000001000978c      0x4f4 CMakeFiles/capstone.dir/home/anthony/capstone-project-team-23/project/embedded/pico/pico-sdk/lib/lwip/src/core/tcp_out.c.obj
                0x000000001000978c                tcp_write
 .text.tcp_split_unsent_seg
                0x0000000010009c80      0x1d8 CMakeFiles/capstone.dir/home/anthony/capstone-project-team-23/project/embedded/pico/pico-sdk/lib/lwip/src/core/tcp_out.c.obj
                0x0000000010009c80                tcp_split_unsent_seg
 .text.tcp_send_fin
                0x0000000010009e58      0x130 CMakeFiles/capstone.dir/home/anthony/capstone-project-team-23/project/embedded/pico/pico-sdk/lib/lwip/src/core/tcp_out.c.obj
                0x0000000010009e58                tcp_send_fin
 .text.tcp_enqueue_flags
                0x0000000010009f88      0x124 CMakeFiles/capstone.dir/home/anthony/capstone-project-team-23/project/embedded/pico/pico-sdk/lib/lwip/src/core/tcp_out.c.obj
                0x0000000010009f88                tcp_enqueue_flags
 .text.tcp_rexmit_rto_prepare
                0x000000001000a0ac       0xa8 CMakeFiles/capstone.dir/home/anthony/capstone-project-team-23/project/embedded/pico/pico-sdk/lib/lwip/src/core/tcp_out.c.obj
                0x000000001000a0ac                tcp_rexmit_rto_prepare
 .text.tcp_rexmit
                0x000000001000a154       0x9c CMakeFiles/capstone.dir/home/anthony/capstone-project-team-23/project/embedded/pico/pico-sdk/lib/lwip/src/core/tcp_out.c.obj
                0x000000001000a154                tcp_rexmit
 .text.tcp_rexmit_fast
                0x000000001000a1f0       0x64 CMakeFiles/capstone.dir/home/anthony/capstone-project-team-23/project/embedded/pico/pico-sdk/lib/lwip/src/core/tcp_out.c.obj
                0x000000001000a1f0                tcp_rexmit_fast
 .text.tcp_rst  0x000000001000a254       0xe4 CMakeFiles/capstone.dir/home/anthony/capstone-project-team-23/project/embedded/pico/pico-sdk/lib/lwip/src/core/tcp_out.c.obj
                0x000000001000a254                tcp_rst
 .text.tcp_rst_netif
                0x000000001000a338      0x12c CMakeFiles/capstone.dir/home/anthony/capstone-project-team-23/project/embedded/pico/pico-sdk/lib/lwip/src/core/tcp_out.c.obj
                0x000000001000a338                tcp_rst_netif
 .text.tcp_send_empty_ack
                0x000000001000a464       0x54 CMakeFiles/capstone.dir/home/anthony/capstone-project-team-23/project/embedded/pico/pico-sdk/lib/lwip/src/core/tcp_out.c.obj
                0x000000001000a464                tcp_send_empty_ack
 .text.tcp_output
                0x000000001000a4b8      0x478 CMakeFiles/capstone.dir/home/anthony/capstone-project-team-23/project/embedded/pico/pico-sdk/lib/lwip/src/core/tcp_out.c.obj
                0x000000001000a4b8                tcp_output
 .text.tcp_rexmit_rto_commit
                0x000000001000a930       0x24 CMakeFiles/capstone.dir/home/anthony/capstone-project-team-23/project/embedded/pico/pico-sdk/lib/lwip/src/core/tcp_out.c.obj
                0x000000001000a930                tcp_rexmit_rto_commit
 .text.tcp_rexmit_rto
                0x000000001000a954       0xb0 CMakeFiles/capstone.dir/home/anthony/capstone-project-team-23/project/embedded/pico/pico-sdk/lib/lwip/src/core/tcp_out.c.obj
                0x000000001000a954                tcp_rexmit_rto
 .text.tcp_keepalive
                0x000000001000aa04       0xe0 CMakeFiles/capstone.dir/home/anthony/capstone-project-team-23/project/embedded/pico/pico-sdk/lib/lwip/src/core/tcp_out.c.obj
                0x000000001000aa04                tcp_keepalive
 .text.tcp_zero_window_probe
                0x000000001000aae4      0x108 CMakeFiles/capstone.dir/home/anthony/capstone-project-team-23/project/embedded/pico/pico-sdk/lib/lwip/src/core/tcp_out.c.obj
                0x000000001000aae4                tcp_zero_window_probe
 .text.sys_timeout_abs
                0x000000001000abec       0x48 CMakeFiles/capstone.dir/home/anthony/capstone-project-team-23/project/embedded/pico/pico-sdk/lib/lwip/src/core/timeouts.c.obj
 .text.lwip_cyclic_timer
                0x000000001000ac34       0x38 CMakeFiles/capstone.dir/home/anthony/capstone-project-team-23/project/embedded/pico/pico-sdk/lib/lwip/src/core/timeouts.c.obj
 .text.tcpip_tcp_timer
                0x000000001000ac6c       0x3c CMakeFiles/capstone.dir/home/anthony/capstone-project-team-23/project/embedded/pico/pico-sdk/lib/lwip/src/core/timeouts.c.obj
 .text.tcp_timer_needed
                0x000000001000aca8       0x40 CMakeFiles/capstone.dir/home/anthony/capstone-project-team-23/project/embedded/pico/pico-sdk/lib/lwip/src/core/timeouts.c.obj
                0x000000001000aca8                tcp_timer_needed
 .text.sys_timeouts_init
                0x000000001000ace8       0x90 CMakeFiles/capstone.dir/home/anthony/capstone-project-team-23/project/embedded/pico/pico-sdk/lib/lwip/src/core/timeouts.c.obj
                0x000000001000ace8                sys_timeouts_init
 .text.sys_check_timeouts
                0x000000001000ad78       0x68 CMakeFiles/capstone.dir/home/anthony/capstone-project-team-23/project/embedded/pico/pico-sdk/lib/lwip/src/core/timeouts.c.obj
                0x000000001000ad78                sys_check_timeouts
 .text.sys_timeouts_sleeptime
                0x000000001000ade0       0x28 CMakeFiles/capstone.dir/home/anthony/capstone-project-team-23/project/embedded/pico/pico-sdk/lib/lwip/src/core/timeouts.c.obj
                0x000000001000ade0                sys_timeouts_sleeptime
 .text.udp_init
                0x000000001000ae08       0x20 CMakeFiles/capstone.dir/home/anthony/capstone-project-team-23/project/embedded/pico/pico-sdk/lib/lwip/src/core/udp.c.obj
                0x000000001000ae08                udp_init
 .text.udp_input
                0x000000001000ae28      0x248 CMakeFiles/capstone.dir/home/anthony/capstone-project-team-23/project/embedded/pico/pico-sdk/lib/lwip/src/core/udp.c.obj
                0x000000001000ae28                udp_input
 .text.udp_bind
                0x000000001000b070      0x114 CMakeFiles/capstone.dir/home/anthony/capstone-project-team-23/project/embedded/pico/pico-sdk/lib/lwip/src/core/udp.c.obj
                0x000000001000b070                udp_bind
 .text.udp_sendto_if_src
                0x000000001000b184      0x17c CMakeFiles/capstone.dir/home/anthony/capstone-project-team-23/project/embedded/pico/pico-sdk/lib/lwip/src/core/udp.c.obj
                0x000000001000b184                udp_sendto_if_src
 .text.udp_sendto_if
                0x000000001000b300       0x84 CMakeFiles/capstone.dir/home/anthony/capstone-project-team-23/project/embedded/pico/pico-sdk/lib/lwip/src/core/udp.c.obj
                0x000000001000b300                udp_sendto_if
 .text.udp_sendto
                0x000000001000b384       0xa4 CMakeFiles/capstone.dir/home/anthony/capstone-project-team-23/project/embedded/pico/pico-sdk/lib/lwip/src/core/udp.c.obj
                0x000000001000b384                udp_sendto
 .text.udp_connect
                0x000000001000b428       0x7c CMakeFiles/capstone.dir/home/anthony/capstone-project-team-23/project/embedded/pico/pico-sdk/lib/lwip/src/core/udp.c.obj
                0x000000001000b428                udp_connect
 .text.udp_recv
                0x000000001000b4a4       0x18 CMakeFiles/capstone.dir/home/anthony/capstone-project-team-23/project/embedded/pico/pico-sdk/lib/lwip/src/core/udp.c.obj
                0x000000001000b4a4                udp_recv
 .text.udp_remove
                0x000000001000b4bc       0x48 CMakeFiles/capstone.dir/home/anthony/capstone-project-team-23/project/embedded/pico/pico-sdk/lib/lwip/src/core/udp.c.obj
                0x000000001000b4bc                udp_remove
 .text.udp_new  0x000000001000b504       0x1c CMakeFiles/capstone.dir/home/anthony/capstone-project-team-23/project/embedded/pico/pico-sdk/lib/lwip/src/core/udp.c.obj
                0x000000001000b504                udp_new
 .text.udp_new_ip_type
                0x000000001000b520       0x1c CMakeFiles/capstone.dir/home/anthony/capstone-project-team-23/project/embedded/pico/pico-sdk/lib/lwip/src/core/udp.c.obj
                0x000000001000b520                udp_new_ip_type
 .text.udp_netif_ip_addr_changed
                0x000000001000b53c       0x40 CMakeFiles/capstone.dir/home/anthony/capstone-project-team-23/project/embedded/pico/pico-sdk/lib/lwip/src/core/udp.c.obj
                0x000000001000b53c                udp_netif_ip_addr_changed
 .text.dhcp_create_msg
                0x000000001000b57c      0x184 CMakeFiles/capstone.dir/home/anthony/capstone-project-team-23/project/embedded/pico/pico-sdk/lib/lwip/src/core/ipv4/dhcp.c.obj
 .text.dhcp_inc_pcb_refcount
                0x000000001000b700       0x6c CMakeFiles/capstone.dir/home/anthony/capstone-project-team-23/project/embedded/pico/pico-sdk/lib/lwip/src/core/ipv4/dhcp.c.obj
 .text.dhcp_bind
                0x000000001000b76c      0x154 CMakeFiles/capstone.dir/home/anthony/capstone-project-team-23/project/embedded/pico/pico-sdk/lib/lwip/src/core/ipv4/dhcp.c.obj
 .text.dhcp_option_hostname.isra.0
                0x000000001000b8c0       0x88 CMakeFiles/capstone.dir/home/anthony/capstone-project-team-23/project/embedded/pico/pico-sdk/lib/lwip/src/core/ipv4/dhcp.c.obj
 .text.dhcp_handle_ack.isra.0
                0x000000001000b948       0xcc CMakeFiles/capstone.dir/home/anthony/capstone-project-team-23/project/embedded/pico/pico-sdk/lib/lwip/src/core/ipv4/dhcp.c.obj
 .text.dhcp_reboot
                0x000000001000ba14      0x1f0 CMakeFiles/capstone.dir/home/anthony/capstone-project-team-23/project/embedded/pico/pico-sdk/lib/lwip/src/core/ipv4/dhcp.c.obj
 .text.dhcp_discover
                0x000000001000bc04      0x198 CMakeFiles/capstone.dir/home/anthony/capstone-project-team-23/project/embedded/pico/pico-sdk/lib/lwip/src/core/ipv4/dhcp.c.obj
 .text.dhcp_select
                0x000000001000bd9c      0x298 CMakeFiles/capstone.dir/home/anthony/capstone-project-team-23/project/embedded/pico/pico-sdk/lib/lwip/src/core/ipv4/dhcp.c.obj
 .text.dhcp_recv
                0x000000001000c034      0x498 CMakeFiles/capstone.dir/home/anthony/capstone-project-team-23/project/embedded/pico/pico-sdk/lib/lwip/src/core/ipv4/dhcp.c.obj
 .text.dhcp_set_struct
                0x000000001000c4cc       0x44 CMakeFiles/capstone.dir/home/anthony/capstone-project-team-23/project/embedded/pico/pico-sdk/lib/lwip/src/core/ipv4/dhcp.c.obj
                0x000000001000c4cc                dhcp_set_struct
 .text.dhcp_network_changed_link_up
                0x000000001000c510       0x40 CMakeFiles/capstone.dir/home/anthony/capstone-project-team-23/project/embedded/pico/pico-sdk/lib/lwip/src/core/ipv4/dhcp.c.obj
                0x000000001000c510                dhcp_network_changed_link_up
 .text.dhcp_renew
                0x000000001000c550      0x1b8 CMakeFiles/capstone.dir/home/anthony/capstone-project-team-23/project/embedded/pico/pico-sdk/lib/lwip/src/core/ipv4/dhcp.c.obj
                0x000000001000c550                dhcp_renew
 .text.dhcp_release_and_stop
                0x000000001000c708      0x184 CMakeFiles/capstone.dir/home/anthony/capstone-project-team-23/project/embedded/pico/pico-sdk/lib/lwip/src/core/ipv4/dhcp.c.obj
                0x000000001000c708                dhcp_release_and_stop
 .text.dhcp_start
                0x000000001000c88c       0xc8 CMakeFiles/capstone.dir/home/anthony/capstone-project-team-23/project/embedded/pico/pico-sdk/lib/lwip/src/core/ipv4/dhcp.c.obj
                0x000000001000c88c                dhcp_start
 .text.dhcp_coarse_tmr
                0x000000001000c954      0x23c CMakeFiles/capstone.dir/home/anthony/capstone-project-team-23/project/embedded/pico/pico-sdk/lib/lwip/src/core/ipv4/dhcp.c.obj
                0x000000001000c954                dhcp_coarse_tmr
 .text.dhcp_fine_tmr
                0x000000001000cb90       0x78 CMakeFiles/capstone.dir/home/anthony/capstone-project-team-23/project/embedded/pico/pico-sdk/lib/lwip/src/core/ipv4/dhcp.c.obj
                0x000000001000cb90                dhcp_fine_tmr
 .text.dhcp_stop
                0x000000001000cc08      0x184 CMakeFiles/capstone.dir/home/anthony/capstone-project-team-23/project/embedded/pico/pico-sdk/lib/lwip/src/core/ipv4/dhcp.c.obj
                0x000000001000cc08                dhcp_stop
 .text.etharp_find_entry
                0x000000001000cd8c     0x1364 CMakeFiles/capstone.dir/home/anthony/capstone-project-team-23/project/embedded/pico/pico-sdk/lib/lwip/src/core/ipv4/etharp.c.obj
 .text.etharp_raw
                0x000000001000e0f0       0xf4 CMakeFiles/capstone.dir/home/anthony/capstone-project-team-23/project/embedded/pico/pico-sdk/lib/lwip/src/core/ipv4/etharp.c.obj
 .text.etharp_output_to_arp_index
                0x000000001000e1e4       0xe4 CMakeFiles/capstone.dir/home/anthony/capstone-project-team-23/project/embedded/pico/pico-sdk/lib/lwip/src/core/ipv4/etharp.c.obj
 .text.etharp_tmr
                0x000000001000e2c8       0xa8 CMakeFiles/capstone.dir/home/anthony/capstone-project-team-23/project/embedded/pico/pico-sdk/lib/lwip/src/core/ipv4/etharp.c.obj
                0x000000001000e2c8                etharp_tmr
 .text.etharp_cleanup_netif
                0x000000001000e370      0x268 CMakeFiles/capstone.dir/home/anthony/capstone-project-team-23/project/embedded/pico/pico-sdk/lib/lwip/src/core/ipv4/etharp.c.obj
                0x000000001000e370                etharp_cleanup_netif
 .text.etharp_input
                0x000000001000e5d8      0x1c0 CMakeFiles/capstone.dir/home/anthony/capstone-project-team-23/project/embedded/pico/pico-sdk/lib/lwip/src/core/ipv4/etharp.c.obj
                0x000000001000e5d8                etharp_input
 .text.etharp_query
                0x000000001000e798      0x1c0 CMakeFiles/capstone.dir/home/anthony/capstone-project-team-23/project/embedded/pico/pico-sdk/lib/lwip/src/core/ipv4/etharp.c.obj
                0x000000001000e798                etharp_query
 .text.etharp_output
                0x000000001000e958      0x248 CMakeFiles/capstone.dir/home/anthony/capstone-project-team-23/project/embedded/pico/pico-sdk/lib/lwip/src/core/ipv4/etharp.c.obj
                0x000000001000e958                etharp_output
 .text.etharp_request
                0x000000001000eba0       0x2c CMakeFiles/capstone.dir/home/anthony/capstone-project-team-23/project/embedded/pico/pico-sdk/lib/lwip/src/core/ipv4/etharp.c.obj
                0x000000001000eba0                etharp_request
 .text.icmp_input
                0x000000001000ebcc      0x1fc CMakeFiles/capstone.dir/home/anthony/capstone-project-team-23/project/embedded/pico/pico-sdk/lib/lwip/src/core/ipv4/icmp.c.obj
                0x000000001000ebcc                icmp_input
 .text.icmp_dest_unreach
                0x000000001000edc8       0xd4 CMakeFiles/capstone.dir/home/anthony/capstone-project-team-23/project/embedded/pico/pico-sdk/lib/lwip/src/core/ipv4/icmp.c.obj
                0x000000001000edc8                icmp_dest_unreach
 .text.icmp_time_exceeded
                0x000000001000ee9c       0xd4 CMakeFiles/capstone.dir/home/anthony/capstone-project-team-23/project/embedded/pico/pico-sdk/lib/lwip/src/core/ipv4/icmp.c.obj
                0x000000001000ee9c                icmp_time_exceeded
 .text.ip_reass_free_complete_datagram
                0x000000001000ef70      0x114 CMakeFiles/capstone.dir/home/anthony/capstone-project-team-23/project/embedded/pico/pico-sdk/lib/lwip/src/core/ipv4/ip4_frag.c.obj
 .text.ip_reass_remove_oldest_datagram
                0x000000001000f084       0xd8 CMakeFiles/capstone.dir/home/anthony/capstone-project-team-23/project/embedded/pico/pico-sdk/lib/lwip/src/core/ipv4/ip4_frag.c.obj
 .text.ip_reass_tmr
                0x000000001000f15c       0x38 CMakeFiles/capstone.dir/home/anthony/capstone-project-team-23/project/embedded/pico/pico-sdk/lib/lwip/src/core/ipv4/ip4_frag.c.obj
                0x000000001000f15c                ip_reass_tmr
 .text.ip4_reass
                0x000000001000f194      0x548 CMakeFiles/capstone.dir/home/anthony/capstone-project-team-23/project/embedded/pico/pico-sdk/lib/lwip/src/core/ipv4/ip4_frag.c.obj
                0x000000001000f194                ip4_reass
 .text.ip4_frag
                0x000000001000f6dc      0x190 CMakeFiles/capstone.dir/home/anthony/capstone-project-team-23/project/embedded/pico/pico-sdk/lib/lwip/src/core/ipv4/ip4_frag.c.obj
                0x000000001000f6dc                ip4_frag
 .text.ip4_route
                0x000000001000f86c       0x7c CMakeFiles/capstone.dir/home/anthony/capstone-project-team-23/project/embedded/pico/pico-sdk/lib/lwip/src/core/ipv4/ip4.c.obj
                0x000000001000f86c                ip4_route
 .text.ip4_input
                0x000000001000f8e8      0x2cc CMakeFiles/capstone.dir/home/anthony/capstone-project-team-23/project/embedded/pico/pico-sdk/lib/lwip/src/core/ipv4/ip4.c.obj
                0x000000001000f8e8                ip4_input
 .text.ip4_output_if
                0x000000001000fbb4      0x18c CMakeFiles/capstone.dir/home/anthony/capstone-project-team-23/project/embedded/pico/pico-sdk/lib/lwip/src/core/ipv4/ip4.c.obj
                0x000000001000fbb4                ip4_output_if
 .text.ip4_output_if_src
                0x000000001000fd40      0x17c CMakeFiles/capstone.dir/home/anthony/capstone-project-team-23/project/embedded/pico/pico-sdk/lib/lwip/src/core/ipv4/ip4.c.obj
                0x000000001000fd40                ip4_output_if_src
 .text.ip4_addr_isbroadcast_u32
                0x000000001000febc       0x3c CMakeFiles/capstone.dir/home/anthony/capstone-project-team-23/project/embedded/pico/pico-sdk/lib/lwip/src/core/ipv4/ip4_addr.c.obj
                0x000000001000febc                ip4_addr_isbroadcast_u32
 .text.ip4addr_aton
                0x000000001000fef8      0x188 CMakeFiles/capstone.dir/home/anthony/capstone-project-team-23/project/embedded/pico/pico-sdk/lib/lwip/src/core/ipv4/ip4_addr.c.obj
                0x000000001000fef8                ip4addr_aton
 .text.ip4addr_ntoa
                0x0000000010010080       0xd8 CMakeFiles/capstone.dir/home/anthony/capstone-project-team-23/project/embedded/pico/pico-sdk/lib/lwip/src/core/ipv4/ip4_addr.c.obj
                0x0000000010010080                ip4addr_ntoa
 .text.ethernet_input
                0x0000000010010158       0xd0 CMakeFiles/capstone.dir/home/anthony/capstone-project-team-23/project/embedded/pico/pico-sdk/lib/lwip/src/netif/ethernet.c.obj
                0x0000000010010158                ethernet_input
 .text.ethernet_output
                0x0000000010010228       0x6c CMakeFiles/capstone.dir/home/anthony/capstone-project-team-23/project/embedded/pico/pico-sdk/lib/lwip/src/netif/ethernet.c.obj
                0x0000000010010228                ethernet_output
 .text.cyw43_arch_wifi_connect_bssid_until.part.0
                0x0000000010010294       0xd4 CMakeFiles/capstone.dir/home/anthony/capstone-project-team-23/project/embedded/pico/pico-sdk/src/rp2_common/pico_cyw43_arch/cyw43_arch.c.obj
 .text.cyw43_arch_set_async_context
                0x0000000010010368        0xc CMakeFiles/capstone.dir/home/anthony/capstone-project-team-23/project/embedded/pico/pico-sdk/src/rp2_common/pico_cyw43_arch/cyw43_arch.c.obj
                0x0000000010010368                cyw43_arch_set_async_context
 .text.cyw43_arch_enable_sta_mode
                0x0000000010010374       0x1c CMakeFiles/capstone.dir/home/anthony/capstone-project-team-23/project/embedded/pico/pico-sdk/src/rp2_common/pico_cyw43_arch/cyw43_arch.c.obj
                0x0000000010010374                cyw43_arch_enable_sta_mode
 .text.cyw43_arch_wifi_connect_timeout_ms
                0x0000000010010390       0x9c CMakeFiles/capstone.dir/home/anthony/capstone-project-team-23/project/embedded/pico/pico-sdk/src/rp2_common/pico_cyw43_arch/cyw43_arch.c.obj
                0x0000000010010390                cyw43_arch_wifi_connect_timeout_ms
 .text.cyw43_arch_gpio_put
                0x000000001001042c       0x14 CMakeFiles/capstone.dir/home/anthony/capstone-project-team-23/project/embedded/pico/pico-sdk/src/rp2_common/pico_cyw43_arch/cyw43_arch.c.obj
                0x000000001001042c                cyw43_arch_gpio_put
 .text.cyw43_arch_async_context
                0x0000000010010440        0xc CMakeFiles/capstone.dir/home/anthony/capstone-project-team-23/project/embedded/pico/pico-sdk/src/rp2_common/pico_cyw43_arch/cyw43_arch.c.obj
                0x0000000010010440                cyw43_arch_async_context
 .text.cyw43_arch_poll
                0x000000001001044c       0x18 CMakeFiles/capstone.dir/home/anthony/capstone-project-team-23/project/embedded/pico/pico-sdk/src/rp2_common/pico_cyw43_arch/cyw43_arch.c.obj
                0x000000001001044c                cyw43_arch_poll
 .text.cyw43_arch_wait_for_work_until
                0x0000000010010464       0x18 CMakeFiles/capstone.dir/home/anthony/capstone-project-team-23/project/embedded/pico/pico-sdk/src/rp2_common/pico_cyw43_arch/cyw43_arch.c.obj
                0x0000000010010464                cyw43_arch_wait_for_work_until
 .text.cyw43_arch_init
                0x000000001001047c       0x68 CMakeFiles/capstone.dir/home/anthony/capstone-project-team-23/project/embedded/pico/pico-sdk/src/rp2_common/pico_cyw43_arch/cyw43_arch_poll.c.obj
                0x000000001001047c                cyw43_arch_init
 .text.ns_delay.constprop.0
                0x00000000100104e4       0x20 CMakeFiles/capstone.dir/home/anthony/capstone-project-team-23/project/embedded/pico/pico-sdk/src/rp2_common/pico_cyw43_driver/cyw43_bus_pio_spi.c.obj
 .text.cyw43_spi_init